2024-12-06 10:48:25,244 - __main__ - INFO - Logging setup complete. Level: INFO, File: ./logs/simulation_logs.log
2024-12-06 10:48:25,244 - __main__ - INFO - ./scene/scene.json
2024-12-06 10:48:25,752 - __main__ - INFO - Successfully downloaded anymal_b.xml
2024-12-06 10:48:26,828 - __main__ - ERROR - An error occurred in /sim_ws/src/multi-model_simulation.py at line 63
2024-12-06 10:48:26,828 - __main__ - ERROR - Error Type: ConnectionError
2024-12-06 10:48:26,828 - __main__ - ERROR - Error Message: Failed to download zip file for anymal_b
2024-12-06 10:48:26,828 - __main__ - ERROR - Traceback:
2024-12-06 10:48:26,829 - __main__ - ERROR - Traceback (most recent call last):
  File "/sim_ws/src/multi-model_simulation.py", line 63, in __init__
    self.create_new_scene()
    ~~~~~~~~~~~~~~~~~~~~~^^
  File "/sim_ws/src/multi-model_simulation.py", line 120, in create_new_scene
    self.import_models(scene_id)
    ~~~~~~~~~~~~~~~~~~^^^^^^^^^^
  File "/sim_ws/src/multi-model_simulation.py", line 176, in import_models
    raise ConnectionError(f"Failed to download zip file for {robot['robot_reference']['name']}")
ConnectionError: Failed to download zip file for anymal_b

2024-12-06 10:51:16,660 - __main__ - INFO - Logging setup complete. Level: INFO, File: ./logs/simulation_logs.log
2024-12-06 10:51:16,661 - __main__ - INFO - ./scene/scene.json
2024-12-06 10:51:17,289 - __main__ - INFO - Successfully downloaded anymal_b.xml
2024-12-06 10:51:18,215 - __main__ - WARNING - Attempt 1 failed. Retrying in 5 seconds...
2024-12-06 10:51:23,495 - __main__ - WARNING - Attempt 2 failed. Retrying in 5 seconds...
2024-12-06 10:51:28,692 - __main__ - ERROR - An error occurred in /sim_ws/src/multi-model_simulation.py at line 63
2024-12-06 10:51:28,693 - __main__ - ERROR - Error Type: ConnectionError
2024-12-06 10:51:28,693 - __main__ - ERROR - Error Message: Failed to download zip file for anymal_b after 3 attempts
2024-12-06 10:51:28,693 - __main__ - ERROR - Traceback:
2024-12-06 10:51:28,699 - __main__ - ERROR - Traceback (most recent call last):
  File "/sim_ws/src/multi-model_simulation.py", line 160, in import_models
    zip_response.raise_for_status()
    ~~~~~~~~~~~~~~~~~~~~~~~~~~~~~^^
  File "/usr/local/lib/python3.13/site-packages/requests/models.py", line 1024, in raise_for_status
    raise HTTPError(http_error_msg, response=self)
requests.exceptions.HTTPError: 404 Client Error: Not Found for url: https://codeload.github.com/openroboticmetaverse/robot-description/zip/main/mujoco/anybotics_anymal_b/assets

The above exception was the direct cause of the following exception:

Traceback (most recent call last):
  File "/sim_ws/src/multi-model_simulation.py", line 63, in __init__
    self.create_new_scene()
    ~~~~~~~~~~~~~~~~~~~~~^^
  File "/sim_ws/src/multi-model_simulation.py", line 120, in create_new_scene
    self.import_models(scene_id)
    ~~~~~~~~~~~~~~~~~~^^^^^^^^^^
  File "/sim_ws/src/multi-model_simulation.py", line 176, in import_models
    raise ConnectionError(f"Failed to download zip file for {robot['robot_reference']['name']} after {max_retries} attempts") from e
ConnectionError: Failed to download zip file for anymal_b after 3 attempts

2024-12-06 10:52:32,192 - __main__ - INFO - Logging setup complete. Level: INFO, File: ./logs/simulation_logs.log
2024-12-06 10:52:32,192 - __main__ - INFO - ./scene/scene.json
2024-12-06 10:52:32,798 - __main__ - INFO - Successfully downloaded anymal_b.xml
2024-12-06 10:52:33,348 - __main__ - INFO - https://github.com/openroboticmetaverse/robot-description/archive/main/mujoco/anybotics_anymal_b/assets.zip
2024-12-06 10:52:33,549 - __main__ - WARNING - Attempt 1 failed. Retrying in 5 seconds...
2024-12-06 10:52:38,730 - __main__ - WARNING - Attempt 2 failed. Retrying in 5 seconds...
2024-12-06 10:52:43,958 - __main__ - ERROR - An error occurred in /sim_ws/src/multi-model_simulation.py at line 63
2024-12-06 10:52:43,958 - __main__ - ERROR - Error Type: ConnectionError
2024-12-06 10:52:43,958 - __main__ - ERROR - Error Message: Failed to download zip file for anymal_b after 3 attempts
2024-12-06 10:52:43,958 - __main__ - ERROR - Traceback:
2024-12-06 10:52:43,960 - __main__ - ERROR - Traceback (most recent call last):
  File "/sim_ws/src/multi-model_simulation.py", line 160, in import_models
    zip_response.raise_for_status()
    ~~~~~~~~~~~~~~~~~~~~~~~~~~~~~^^
  File "/usr/local/lib/python3.13/site-packages/requests/models.py", line 1024, in raise_for_status
    raise HTTPError(http_error_msg, response=self)
requests.exceptions.HTTPError: 404 Client Error: Not Found for url: https://codeload.github.com/openroboticmetaverse/robot-description/zip/main/mujoco/anybotics_anymal_b/assets

The above exception was the direct cause of the following exception:

Traceback (most recent call last):
  File "/sim_ws/src/multi-model_simulation.py", line 63, in __init__
    self.create_new_scene()
    ~~~~~~~~~~~~~~~~~~~~~^^
  File "/sim_ws/src/multi-model_simulation.py", line 120, in create_new_scene
    self.import_models(scene_id)
    ~~~~~~~~~~~~~~~~~~^^^^^^^^^^
  File "/sim_ws/src/multi-model_simulation.py", line 176, in import_models
    raise ConnectionError(f"Failed to download zip file for {robot['robot_reference']['name']} after {max_retries} attempts") from e
ConnectionError: Failed to download zip file for anymal_b after 3 attempts

2024-12-06 10:58:34,313 - __main__ - INFO - Logging setup complete. Level: INFO, File: ./logs/simulation_logs.log
2024-12-06 10:58:34,313 - __main__ - INFO - ./scene/scene.json
2024-12-06 10:58:35,116 - __main__ - INFO - Successfully downloaded anymal_b.xml
2024-12-06 10:58:35,116 - __main__ - INFO - Fetching folder contents from: https://api.github.com/repos/openroboticmetaverse/robot-description/contents/mujoco/anymal_b/assets
2024-12-06 10:58:35,303 - __main__ - ERROR - An error occurred in /sim_ws/src/multi-model_simulation.py at line 63
2024-12-06 10:58:35,303 - __main__ - ERROR - Error Type: HTTPError
2024-12-06 10:58:35,303 - __main__ - ERROR - Error Message: 404 Client Error: Not Found for url: https://api.github.com/repos/openroboticmetaverse/robot-description/contents/mujoco/anymal_b/assets
2024-12-06 10:58:35,303 - __main__ - ERROR - Traceback:
2024-12-06 10:58:35,305 - __main__ - ERROR - Traceback (most recent call last):
  File "/sim_ws/src/multi-model_simulation.py", line 63, in __init__
    self.create_new_scene()
    ~~~~~~~~~~~~~~~~~~~~~^^
  File "/sim_ws/src/multi-model_simulation.py", line 120, in create_new_scene
    self.import_models(scene_id)
    ~~~~~~~~~~~~~~~~~~^^^^^^^^^^
  File "/sim_ws/src/multi-model_simulation.py", line 158, in import_models
    response.raise_for_status()
    ~~~~~~~~~~~~~~~~~~~~~~~~~^^
  File "/usr/local/lib/python3.13/site-packages/requests/models.py", line 1024, in raise_for_status
    raise HTTPError(http_error_msg, response=self)
requests.exceptions.HTTPError: 404 Client Error: Not Found for url: https://api.github.com/repos/openroboticmetaverse/robot-description/contents/mujoco/anymal_b/assets

2024-12-06 11:01:47,509 - __main__ - INFO - Logging setup complete. Level: INFO, File: ./logs/simulation_logs.log
2024-12-06 11:01:47,510 - __main__ - INFO - ./scene/scene.json
2024-12-06 11:01:48,413 - __main__ - INFO - Successfully downloaded anymal_b.xml
2024-12-06 11:01:48,414 - __main__ - INFO - Attempting to fetch folder contents from: https://api.github.com/repos/openroboticmetaverse/robot-description/contents/mujoco/anymal_b/assets
2024-12-06 11:01:48,617 - __main__ - WARNING - Failed to find assets at https://api.github.com/repos/openroboticmetaverse/robot-description/contents/mujoco/anymal_b/assets
2024-12-06 11:01:48,617 - __main__ - INFO - Attempting to fetch folder contents from: https://api.github.com/repos/openroboticmetaverse/robot-description/contents/mujoco/anymal_b/assets
2024-12-06 11:01:48,659 - __main__ - WARNING - Failed to find assets at https://api.github.com/repos/openroboticmetaverse/robot-description/contents/mujoco/anymal_b/assets
2024-12-06 11:01:48,659 - __main__ - INFO - Attempting to fetch folder contents from: https://api.github.com/repos/openroboticmetaverse/robot-description/contents/mujoco/anymal-b/assets
2024-12-06 11:01:48,854 - __main__ - WARNING - Failed to find assets at https://api.github.com/repos/openroboticmetaverse/robot-description/contents/mujoco/anymal-b/assets
2024-12-06 11:01:48,854 - __main__ - INFO - Attempting to fetch folder contents from: https://api.github.com/repos/openroboticmetaverse/robot-description/contents/mujoco/anymal_b/assets
2024-12-06 11:01:48,894 - __main__ - WARNING - Failed to find assets at https://api.github.com/repos/openroboticmetaverse/robot-description/contents/mujoco/anymal_b/assets
2024-12-06 11:01:48,894 - __main__ - ERROR - An error occurred in /sim_ws/src/multi-model_simulation.py at line 63
2024-12-06 11:01:48,894 - __main__ - ERROR - Error Type: FileNotFoundError
2024-12-06 11:01:48,894 - __main__ - ERROR - Error Message: Could not find assets folder for anymal_b
2024-12-06 11:01:48,894 - __main__ - ERROR - Traceback:
2024-12-06 11:01:48,895 - __main__ - ERROR - Traceback (most recent call last):
  File "/sim_ws/src/multi-model_simulation.py", line 63, in __init__
    self.create_new_scene()
    ~~~~~~~~~~~~~~~~~~~~~^^
  File "/sim_ws/src/multi-model_simulation.py", line 120, in create_new_scene
    self.import_models(scene_id)
    ~~~~~~~~~~~~~~~~~~^^^^^^^^^^
  File "/sim_ws/src/multi-model_simulation.py", line 174, in import_models
    raise FileNotFoundError(f"Could not find assets folder for {robot['robot_reference']['name']}")
FileNotFoundError: Could not find assets folder for anymal_b

2024-12-06 11:10:06,468 - __main__ - INFO - Logging setup complete. Level: INFO, File: ./logs/simulation_logs.log
2024-12-06 11:10:06,468 - __main__ - INFO - ./scene/scene.json
2024-12-06 11:10:07,057 - __main__ - INFO - Successfully downloaded anymal_b.xml
2024-12-06 11:10:07,058 - __main__ - ERROR - An error occurred in /sim_ws/src/multi-model_simulation.py at line 63
2024-12-06 11:10:07,058 - __main__ - ERROR - Error Type: NameError
2024-12-06 11:10:07,058 - __main__ - ERROR - Error Message: name 'possible_paths' is not defined
2024-12-06 11:10:07,058 - __main__ - ERROR - Traceback:
2024-12-06 11:10:07,059 - __main__ - ERROR - Traceback (most recent call last):
  File "/sim_ws/src/multi-model_simulation.py", line 63, in __init__
    self.create_new_scene()
    ~~~~~~~~~~~~~~~~~~~~~^^
  File "/sim_ws/src/multi-model_simulation.py", line 120, in create_new_scene
    self.import_models(scene_id)
    ~~~~~~~~~~~~~~~~~~^^^^^^^^^^
  File "/sim_ws/src/multi-model_simulation.py", line 155, in import_models
    for folder_path in possible_paths:
                       ^^^^^^^^^^^^^^
NameError: name 'possible_paths' is not defined

2024-12-06 11:10:54,151 - __main__ - INFO - Logging setup complete. Level: INFO, File: ./logs/simulation_logs.log
2024-12-06 11:10:54,151 - __main__ - INFO - ./scene/scene.json
2024-12-06 11:10:54,637 - __main__ - INFO - Successfully downloaded anymal_b.xml
2024-12-06 11:10:54,637 - __main__ - INFO - Attempting to fetch folder contents from: https://api.github.com/repos/openroboticmetaverse/robot-description/contents/mujoco/anybotics_anymal_b/anymal_b.xml
2024-12-06 11:11:39,903 - __main__ - INFO - Logging setup complete. Level: INFO, File: ./logs/simulation_logs.log
2024-12-06 11:11:39,903 - __main__ - INFO - ./scene/scene.json
2024-12-06 11:11:40,443 - __main__ - INFO - Successfully downloaded anymal_b.xml
2024-12-06 11:11:40,443 - __main__ - INFO - Attempting to fetch folder contents from: https://api.github.com/repos/openroboticmetaverse/robot-description/contents/mujoco/anybotics_anymal_b/anymal_b.xml
2024-12-06 11:11:40,698 - __main__ - ERROR - An error occurred in /sim_ws/src/multi-model_simulation.py at line 63
2024-12-06 11:11:40,698 - __main__ - ERROR - Error Type: TypeError
2024-12-06 11:11:40,698 - __main__ - ERROR - Error Message: string indices must be integers, not 'str'
2024-12-06 11:11:40,698 - __main__ - ERROR - Traceback:
2024-12-06 11:11:40,699 - __main__ - ERROR - Traceback (most recent call last):
  File "/sim_ws/src/multi-model_simulation.py", line 63, in __init__
    self.create_new_scene()
    ~~~~~~~~~~~~~~~~~~~~~^^
  File "/sim_ws/src/multi-model_simulation.py", line 120, in create_new_scene
    self.import_models(scene_id)
    ~~~~~~~~~~~~~~~~~~^^^^^^^^^^
  File "/sim_ws/src/multi-model_simulation.py", line 173, in import_models
    if item['type'] == 'file':
       ~~~~^^^^^^^^
TypeError: string indices must be integers, not 'str'

2024-12-06 11:12:56,029 - __main__ - INFO - Logging setup complete. Level: INFO, File: ./logs/simulation_logs.log
2024-12-06 11:12:56,030 - __main__ - INFO - ./scene/scene.json
2024-12-06 11:12:56,913 - __main__ - INFO - Successfully downloaded iiwa.xml
2024-12-06 11:12:56,913 - __main__ - INFO - Attempting to fetch folder contents from: https://api.github.com/repos/openroboticmetaverse/robot-description/contents/mujoco/kuka_iiwa_14/iiwa14.xml
2024-12-06 11:12:57,150 - __main__ - ERROR - An error occurred in /sim_ws/src/multi-model_simulation.py at line 63
2024-12-06 11:12:57,150 - __main__ - ERROR - Error Type: TypeError
2024-12-06 11:12:57,150 - __main__ - ERROR - Error Message: string indices must be integers, not 'str'
2024-12-06 11:12:57,150 - __main__ - ERROR - Traceback:
2024-12-06 11:12:57,152 - __main__ - ERROR - Traceback (most recent call last):
  File "/sim_ws/src/multi-model_simulation.py", line 63, in __init__
    self.create_new_scene()
    ~~~~~~~~~~~~~~~~~~~~~^^
  File "/sim_ws/src/multi-model_simulation.py", line 120, in create_new_scene
    self.import_models(scene_id)
    ~~~~~~~~~~~~~~~~~~^^^^^^^^^^
  File "/sim_ws/src/multi-model_simulation.py", line 175, in import_models
    if item['type'] == 'file':
       ~~~~^^^^^^^^
TypeError: string indices must be integers, not 'str'

2024-12-06 11:14:33,348 - __main__ - INFO - Logging setup complete. Level: INFO, File: ./logs/simulation_logs.log
2024-12-06 11:14:33,348 - __main__ - INFO - ./scene/scene.json
2024-12-06 11:14:33,890 - __main__ - INFO - Successfully downloaded fr3.xml
2024-12-06 11:14:33,890 - __main__ - INFO - Attempting to fetch folder contents from: https://api.github.com/repos/openroboticmetaverse/robot-description/contents/mujoco/franka_fr3/assets
2024-12-06 11:14:35,383 - __main__ - INFO - Downloaded: link0.obj
2024-12-06 11:14:35,631 - __main__ - INFO - Downloaded: link0.stl
2024-12-06 11:14:36,005 - __main__ - INFO - Downloaded: link0_0.obj
2024-12-06 11:14:36,263 - __main__ - INFO - Downloaded: link0_1.obj
2024-12-06 11:14:36,632 - __main__ - INFO - Downloaded: link0_2.obj
2024-12-06 11:14:37,140 - __main__ - INFO - Downloaded: link0_3.obj
2024-12-06 11:14:37,403 - __main__ - INFO - Downloaded: link0_4.obj
2024-12-06 11:14:37,984 - __main__ - INFO - Downloaded: link0_5.obj
2024-12-06 11:14:38,409 - __main__ - INFO - Downloaded: link0_6.obj
2024-12-06 11:14:38,824 - __main__ - INFO - Downloaded: link1.obj
2024-12-06 11:14:39,030 - __main__ - INFO - Downloaded: link1.stl
2024-12-06 11:14:39,399 - __main__ - INFO - Downloaded: link2.obj
2024-12-06 11:14:39,611 - __main__ - INFO - Downloaded: link2.stl
2024-12-06 11:14:40,221 - __main__ - INFO - Downloaded: link3.obj
2024-12-06 11:14:40,442 - __main__ - INFO - Downloaded: link3.stl
2024-12-06 11:14:40,823 - __main__ - INFO - Downloaded: link3_0.obj
2024-12-06 11:14:41,386 - __main__ - INFO - Downloaded: link3_1.obj
2024-12-06 11:14:41,981 - __main__ - INFO - Downloaded: link4.obj
2024-12-06 11:14:42,218 - __main__ - INFO - Downloaded: link4.stl
2024-12-06 11:14:42,587 - __main__ - INFO - Downloaded: link4_0.obj
2024-12-06 11:14:43,111 - __main__ - INFO - Downloaded: link4_1.obj
2024-12-06 11:14:43,769 - __main__ - INFO - Downloaded: link5.obj
2024-12-06 11:14:43,985 - __main__ - INFO - Downloaded: link5.stl
2024-12-06 11:14:44,424 - __main__ - INFO - Downloaded: link5_0.obj
2024-12-06 11:14:44,663 - __main__ - INFO - Downloaded: link5_1.obj
2024-12-06 11:14:45,215 - __main__ - INFO - Downloaded: link5_2.obj
2024-12-06 11:14:46,206 - __main__ - INFO - Downloaded: link6.obj
2024-12-06 11:14:46,443 - __main__ - INFO - Downloaded: link6.stl
2024-12-06 11:14:46,641 - __main__ - INFO - Downloaded: link6_0.obj
2024-12-06 11:14:46,904 - __main__ - INFO - Downloaded: link6_1.obj
2024-12-06 11:14:47,402 - __main__ - INFO - Downloaded: link6_2.obj
2024-12-06 11:14:47,642 - __main__ - INFO - Downloaded: link6_3.obj
2024-12-06 11:14:47,870 - __main__ - INFO - Downloaded: link6_4.obj
2024-12-06 11:14:48,165 - __main__ - INFO - Downloaded: link6_5.obj
2024-12-06 11:14:48,890 - __main__ - INFO - Downloaded: link6_6.obj
2024-12-06 11:14:49,099 - __main__ - INFO - Downloaded: link6_7.obj
2024-12-06 11:14:49,889 - __main__ - INFO - Downloaded: link7.obj
2024-12-06 11:14:50,143 - __main__ - INFO - Downloaded: link7.stl
2024-12-06 11:14:50,526 - __main__ - INFO - Downloaded: link7_0.obj
2024-12-06 11:14:50,885 - __main__ - INFO - Downloaded: link7_1.obj
2024-12-06 11:14:51,470 - __main__ - INFO - Downloaded: link7_2.obj
2024-12-06 11:14:51,893 - __main__ - INFO - Downloaded: link7_3.obj
2024-12-06 11:14:51,893 - __main__ - INFO - Successfully downloaded assets for fr3
2024-12-06 14:00:28,073 - __main__ - INFO - Logging setup complete. Level: INFO, File: ./logs/simulation_logs.log
2024-12-06 14:00:28,074 - __main__ - INFO - ./scene/scene.json
2024-12-06 14:00:28,626 - __main__ - INFO - Successfully downloaded anymal_b.xml
2024-12-06 14:00:28,626 - __main__ - INFO - Attempting to fetch folder contents from: https://api.github.com/repos/openroboticmetaverse/robot-description/contents/mujoco/anybotics_anymal_b/assets
2024-12-06 14:00:50,632 - __main__ - INFO - Successfully downloaded assets for anymal_b
2024-12-06 14:00:51,099 - __main__ - INFO - Successfully downloaded iiwa.xml
2024-12-06 14:00:51,099 - __main__ - INFO - Attempting to fetch folder contents from: https://api.github.com/repos/openroboticmetaverse/robot-description/contents/mujoco/kuka_iiwa_14/assets
2024-12-06 14:00:55,747 - __main__ - INFO - Successfully downloaded assets for iiwa
2024-12-06 14:00:56,283 - __main__ - INFO - Successfully downloaded fr3.xml
2024-12-06 14:00:56,283 - __main__ - INFO - Attempting to fetch folder contents from: https://api.github.com/repos/openroboticmetaverse/robot-description/contents/mujoco/franka_fr3/assets
2024-12-06 14:01:19,336 - __main__ - INFO - Successfully downloaded assets for fr3
2024-12-06 14:01:56,700 - __main__ - INFO - Logging setup complete. Level: INFO, File: ./logs/simulation_logs.log
2024-12-06 14:01:56,700 - __main__ - INFO - Found 48 files in ./scene/assets_anymal_b
2024-12-06 14:01:56,703 - __main__ - ERROR - Error executing command for ./scene/assets_anymal_b/anymal_thigh_r_3.obj: [Errno 2] No such file or directory: 'sudo'
2024-12-06 14:01:56,703 - __main__ - ERROR - Error executing command for ./scene/assets_anymal_b/anymal_hip_r_3.obj: [Errno 2] No such file or directory: 'sudo'
2024-12-06 14:01:56,703 - __main__ - ERROR - Error executing command for ./scene/assets_anymal_b/anymal_hip_l_3.obj: [Errno 2] No such file or directory: 'sudo'
2024-12-06 14:01:56,704 - __main__ - ERROR - Error executing command for ./scene/assets_anymal_b/anymal_hip_r_0.obj: [Errno 2] No such file or directory: 'sudo'
2024-12-06 14:01:56,704 - __main__ - ERROR - Error executing command for ./scene/assets_anymal_b/anymal_hip_l_5.obj: [Errno 2] No such file or directory: 'sudo'
2024-12-06 14:01:56,705 - __main__ - ERROR - Error executing command for ./scene/assets_anymal_b/anymal_shank_r_2.obj: [Errno 2] No such file or directory: 'sudo'
2024-12-06 14:01:56,705 - __main__ - ERROR - Error executing command for ./scene/assets_anymal_b/anymal_shank_l_0.obj: [Errno 2] No such file or directory: 'sudo'
2024-12-06 14:01:56,705 - __main__ - ERROR - Error executing command for ./scene/assets_anymal_b/anymal_base_7.obj: [Errno 2] No such file or directory: 'sudo'
2024-12-06 14:01:56,706 - __main__ - ERROR - Error executing command for ./scene/assets_anymal_b/anymal_thigh_l_1.obj: [Errno 2] No such file or directory: 'sudo'
2024-12-06 14:01:56,706 - __main__ - ERROR - Error executing command for ./scene/assets_anymal_b/anymal_thigh_l_4.obj: [Errno 2] No such file or directory: 'sudo'
2024-12-06 14:01:56,706 - __main__ - ERROR - Error executing command for ./scene/assets_anymal_b/anymal_foot_0.obj: [Errno 2] No such file or directory: 'sudo'
2024-12-06 14:01:56,707 - __main__ - ERROR - Error executing command for ./scene/assets_anymal_b/anymal_base_0.obj: [Errno 2] No such file or directory: 'sudo'
2024-12-06 14:01:56,707 - __main__ - ERROR - Error executing command for ./scene/assets_anymal_b/anymal_hip_l_6.obj: [Errno 2] No such file or directory: 'sudo'
2024-12-06 14:01:56,708 - __main__ - ERROR - Error executing command for ./scene/assets_anymal_b/anymal_thigh_r_1.obj: [Errno 2] No such file or directory: 'sudo'
2024-12-06 14:01:56,708 - __main__ - ERROR - Error executing command for ./scene/assets_anymal_b/anymal_shank_r_0.obj: [Errno 2] No such file or directory: 'sudo'
2024-12-06 14:01:56,709 - __main__ - ERROR - Error executing command for ./scene/assets_anymal_b/anymal_shank_l_2.obj: [Errno 2] No such file or directory: 'sudo'
2024-12-06 14:01:56,709 - __main__ - ERROR - Error executing command for ./scene/assets_anymal_b/anymal_hip_r_5.obj: [Errno 2] No such file or directory: 'sudo'
2024-12-06 14:01:56,709 - __main__ - ERROR - Error executing command for ./scene/assets_anymal_b/anymal_thigh_r_5.obj: [Errno 2] No such file or directory: 'sudo'
2024-12-06 14:01:56,710 - __main__ - ERROR - Error executing command for ./scene/assets_anymal_b/anymal_hip_r_1.obj: [Errno 2] No such file or directory: 'sudo'
2024-12-06 14:01:56,710 - __main__ - ERROR - Error executing command for ./scene/assets_anymal_b/anymal_base_4.obj: [Errno 2] No such file or directory: 'sudo'
2024-12-06 14:01:56,711 - __main__ - ERROR - Error executing command for ./scene/assets_anymal_b/anymal_base_2.obj: [Errno 2] No such file or directory: 'sudo'
2024-12-06 14:01:56,711 - __main__ - ERROR - Error executing command for ./scene/assets_anymal_b/anymal_foot_1.obj: [Errno 2] No such file or directory: 'sudo'
2024-12-06 14:01:56,712 - __main__ - ERROR - Error executing command for ./scene/assets_anymal_b/anymal_shank_l_1.obj: [Errno 2] No such file or directory: 'sudo'
2024-12-06 14:01:56,713 - __main__ - ERROR - Error executing command for ./scene/assets_anymal_b/anymal_thigh_l_3.obj: [Errno 2] No such file or directory: 'sudo'
2024-12-06 14:01:56,713 - __main__ - ERROR - Error executing command for ./scene/assets_anymal_b/anymal_thigh_r_0.obj: [Errno 2] No such file or directory: 'sudo'
2024-12-06 14:01:56,714 - __main__ - ERROR - Error executing command for ./scene/assets_anymal_b/base_uv_texture.png: [Errno 2] No such file or directory: 'sudo'
2024-12-06 14:01:56,715 - __main__ - ERROR - Error executing command for ./scene/assets_anymal_b/anymal_base_6.obj: [Errno 2] No such file or directory: 'sudo'
2024-12-06 14:01:56,715 - __main__ - ERROR - Error executing command for ./scene/assets_anymal_b/anymal_hip_l_4.obj: [Errno 2] No such file or directory: 'sudo'
2024-12-06 14:01:56,716 - __main__ - ERROR - Error executing command for ./scene/assets_anymal_b/anymal_thigh_l_5.obj: [Errno 2] No such file or directory: 'sudo'
2024-12-06 14:01:56,717 - __main__ - ERROR - Error executing command for ./scene/assets_anymal_b/anymal_thigh_r_4.obj: [Errno 2] No such file or directory: 'sudo'
2024-12-06 14:01:56,717 - __main__ - ERROR - Error executing command for ./scene/assets_anymal_b/anymal_base_1.obj: [Errno 2] No such file or directory: 'sudo'
2024-12-06 14:01:56,718 - __main__ - ERROR - Error executing command for ./scene/assets_anymal_b/anymal_shank_r_3.obj: [Errno 2] No such file or directory: 'sudo'
2024-12-06 14:01:56,718 - __main__ - ERROR - Error executing command for ./scene/assets_anymal_b/anymal_hip_l_1.obj: [Errno 2] No such file or directory: 'sudo'
2024-12-06 14:01:56,719 - __main__ - ERROR - Error executing command for ./scene/assets_anymal_b/anymal_foot_3.obj: [Errno 2] No such file or directory: 'sudo'
2024-12-06 14:01:56,719 - __main__ - ERROR - Error executing command for ./scene/assets_anymal_b/anymal_base_5.obj: [Errno 2] No such file or directory: 'sudo'
2024-12-06 14:01:56,720 - __main__ - ERROR - Error executing command for ./scene/assets_anymal_b/anymal_foot_2.obj: [Errno 2] No such file or directory: 'sudo'
2024-12-06 14:01:56,720 - __main__ - ERROR - Error executing command for ./scene/assets_anymal_b/anymal_shank_r_1.obj: [Errno 2] No such file or directory: 'sudo'
2024-12-06 14:01:56,721 - __main__ - ERROR - Error executing command for ./scene/assets_anymal_b/anymal_hip_r_2.obj: [Errno 2] No such file or directory: 'sudo'
2024-12-06 14:01:56,721 - __main__ - ERROR - Error executing command for ./scene/assets_anymal_b/anymal_hip_r_4.obj: [Errno 2] No such file or directory: 'sudo'
2024-12-06 14:01:56,722 - __main__ - ERROR - Error executing command for ./scene/assets_anymal_b/anymal_shank_l_3.obj: [Errno 2] No such file or directory: 'sudo'
2024-12-06 14:01:56,722 - __main__ - ERROR - Error executing command for ./scene/assets_anymal_b/anymal_base_3.obj: [Errno 2] No such file or directory: 'sudo'
2024-12-06 14:01:56,723 - __main__ - ERROR - Error executing command for ./scene/assets_anymal_b/anymal_hip_l_2.obj: [Errno 2] No such file or directory: 'sudo'
2024-12-06 14:01:56,724 - __main__ - ERROR - Error executing command for ./scene/assets_anymal_b/anymal_hip_r_6.obj: [Errno 2] No such file or directory: 'sudo'
2024-12-06 14:01:56,724 - __main__ - ERROR - Error executing command for ./scene/assets_anymal_b/anymal_thigh_r_2.obj: [Errno 2] No such file or directory: 'sudo'
2024-12-06 14:01:56,725 - __main__ - ERROR - Error executing command for ./scene/assets_anymal_b/anymal_thigh_l_0.obj: [Errno 2] No such file or directory: 'sudo'
2024-12-06 14:01:56,725 - __main__ - ERROR - Error executing command for ./scene/assets_anymal_b/anymal_hip_l_0.obj: [Errno 2] No such file or directory: 'sudo'
2024-12-06 14:01:56,726 - __main__ - ERROR - Error executing command for ./scene/assets_anymal_b/carbon_uv_texture.png: [Errno 2] No such file or directory: 'sudo'
2024-12-06 14:01:56,726 - __main__ - ERROR - Error executing command for ./scene/assets_anymal_b/anymal_thigh_l_2.obj: [Errno 2] No such file or directory: 'sudo'
2024-12-06 14:01:56,726 - __main__ - INFO - Finished processing all files.
2024-12-06 14:01:56,736 - __main__ - INFO - Found 42 files in ./scene/assets_fr3
2024-12-06 14:01:56,736 - __main__ - ERROR - Error executing command for ./scene/assets_fr3/link4.stl: [Errno 2] No such file or directory: 'sudo'
2024-12-06 14:01:56,737 - __main__ - ERROR - Error executing command for ./scene/assets_fr3/link3.stl: [Errno 2] No such file or directory: 'sudo'
2024-12-06 14:01:56,738 - __main__ - ERROR - Error executing command for ./scene/assets_fr3/link6_0.obj: [Errno 2] No such file or directory: 'sudo'
2024-12-06 14:01:56,738 - __main__ - ERROR - Error executing command for ./scene/assets_fr3/link3.obj: [Errno 2] No such file or directory: 'sudo'
2024-12-06 14:01:56,739 - __main__ - ERROR - Error executing command for ./scene/assets_fr3/link4.obj: [Errno 2] No such file or directory: 'sudo'
2024-12-06 14:01:56,739 - __main__ - ERROR - Error executing command for ./scene/assets_fr3/link7_2.obj: [Errno 2] No such file or directory: 'sudo'
2024-12-06 14:01:56,740 - __main__ - ERROR - Error executing command for ./scene/assets_fr3/link7.stl: [Errno 2] No such file or directory: 'sudo'
2024-12-06 14:01:56,741 - __main__ - ERROR - Error executing command for ./scene/assets_fr3/link7_3.obj: [Errno 2] No such file or directory: 'sudo'
2024-12-06 14:01:56,741 - __main__ - ERROR - Error executing command for ./scene/assets_fr3/link5.obj: [Errno 2] No such file or directory: 'sudo'
2024-12-06 14:01:56,741 - __main__ - ERROR - Error executing command for ./scene/assets_fr3/link7_0.obj: [Errno 2] No such file or directory: 'sudo'
2024-12-06 14:01:56,742 - __main__ - ERROR - Error executing command for ./scene/assets_fr3/link7_1.obj: [Errno 2] No such file or directory: 'sudo'
2024-12-06 14:01:56,743 - __main__ - ERROR - Error executing command for ./scene/assets_fr3/link4_1.obj: [Errno 2] No such file or directory: 'sudo'
2024-12-06 14:01:56,743 - __main__ - ERROR - Error executing command for ./scene/assets_fr3/link6.stl: [Errno 2] No such file or directory: 'sudo'
2024-12-06 14:01:56,744 - __main__ - ERROR - Error executing command for ./scene/assets_fr3/link0_4.obj: [Errno 2] No such file or directory: 'sudo'
2024-12-06 14:01:56,744 - __main__ - ERROR - Error executing command for ./scene/assets_fr3/link6_7.obj: [Errno 2] No such file or directory: 'sudo'
2024-12-06 14:01:56,745 - __main__ - ERROR - Error executing command for ./scene/assets_fr3/link5.stl: [Errno 2] No such file or directory: 'sudo'
2024-12-06 14:01:56,745 - __main__ - ERROR - Error executing command for ./scene/assets_fr3/link0.obj: [Errno 2] No such file or directory: 'sudo'
2024-12-06 14:01:56,746 - __main__ - ERROR - Error executing command for ./scene/assets_fr3/link6.obj: [Errno 2] No such file or directory: 'sudo'
2024-12-06 14:01:56,746 - __main__ - ERROR - Error executing command for ./scene/assets_fr3/link6_3.obj: [Errno 2] No such file or directory: 'sudo'
2024-12-06 14:01:56,747 - __main__ - ERROR - Error executing command for ./scene/assets_fr3/link6_6.obj: [Errno 2] No such file or directory: 'sudo'
2024-12-06 14:01:56,747 - __main__ - ERROR - Error executing command for ./scene/assets_fr3/link5_2.obj: [Errno 2] No such file or directory: 'sudo'
2024-12-06 14:01:56,748 - __main__ - ERROR - Error executing command for ./scene/assets_fr3/link0_0.obj: [Errno 2] No such file or directory: 'sudo'
2024-12-06 14:01:56,748 - __main__ - ERROR - Error executing command for ./scene/assets_fr3/link3_0.obj: [Errno 2] No such file or directory: 'sudo'
2024-12-06 14:01:56,748 - __main__ - ERROR - Error executing command for ./scene/assets_fr3/link6_1.obj: [Errno 2] No such file or directory: 'sudo'
2024-12-06 14:01:56,749 - __main__ - ERROR - Error executing command for ./scene/assets_fr3/link0_3.obj: [Errno 2] No such file or directory: 'sudo'
2024-12-06 14:01:56,749 - __main__ - ERROR - Error executing command for ./scene/assets_fr3/link2.obj: [Errno 2] No such file or directory: 'sudo'
2024-12-06 14:01:56,750 - __main__ - ERROR - Error executing command for ./scene/assets_fr3/link1.obj: [Errno 2] No such file or directory: 'sudo'
2024-12-06 14:01:56,750 - __main__ - ERROR - Error executing command for ./scene/assets_fr3/link1.stl: [Errno 2] No such file or directory: 'sudo'
2024-12-06 14:01:56,751 - __main__ - ERROR - Error executing command for ./scene/assets_fr3/link0_1.obj: [Errno 2] No such file or directory: 'sudo'
2024-12-06 14:01:56,752 - __main__ - ERROR - Error executing command for ./scene/assets_fr3/link2.stl: [Errno 2] No such file or directory: 'sudo'
2024-12-06 14:01:56,752 - __main__ - ERROR - Error executing command for ./scene/assets_fr3/link6_2.obj: [Errno 2] No such file or directory: 'sudo'
2024-12-06 14:01:56,753 - __main__ - ERROR - Error executing command for ./scene/assets_fr3/link0_6.obj: [Errno 2] No such file or directory: 'sudo'
2024-12-06 14:01:56,753 - __main__ - ERROR - Error executing command for ./scene/assets_fr3/link3_1.obj: [Errno 2] No such file or directory: 'sudo'
2024-12-06 14:01:56,754 - __main__ - ERROR - Error executing command for ./scene/assets_fr3/link5_0.obj: [Errno 2] No such file or directory: 'sudo'
2024-12-06 14:01:56,754 - __main__ - ERROR - Error executing command for ./scene/assets_fr3/link7.obj: [Errno 2] No such file or directory: 'sudo'
2024-12-06 14:01:56,755 - __main__ - ERROR - Error executing command for ./scene/assets_fr3/link0_5.obj: [Errno 2] No such file or directory: 'sudo'
2024-12-06 14:01:56,755 - __main__ - ERROR - Error executing command for ./scene/assets_fr3/link0_2.obj: [Errno 2] No such file or directory: 'sudo'
2024-12-06 14:01:56,755 - __main__ - ERROR - Error executing command for ./scene/assets_fr3/link0.stl: [Errno 2] No such file or directory: 'sudo'
2024-12-06 14:01:56,756 - __main__ - ERROR - Error executing command for ./scene/assets_fr3/link4_0.obj: [Errno 2] No such file or directory: 'sudo'
2024-12-06 14:01:56,756 - __main__ - ERROR - Error executing command for ./scene/assets_fr3/link5_1.obj: [Errno 2] No such file or directory: 'sudo'
2024-12-06 14:01:56,757 - __main__ - ERROR - Error executing command for ./scene/assets_fr3/link6_5.obj: [Errno 2] No such file or directory: 'sudo'
2024-12-06 14:01:56,757 - __main__ - ERROR - Error executing command for ./scene/assets_fr3/link6_4.obj: [Errno 2] No such file or directory: 'sudo'
2024-12-06 14:01:56,757 - __main__ - INFO - Finished processing all files.
2024-12-06 14:01:56,763 - __main__ - INFO - Found 13 files in ./scene/assets_iiwa
2024-12-06 14:01:56,764 - __main__ - ERROR - Error executing command for ./scene/assets_iiwa/link_3.obj: [Errno 2] No such file or directory: 'sudo'
2024-12-06 14:01:56,764 - __main__ - ERROR - Error executing command for ./scene/assets_iiwa/kuka.obj: [Errno 2] No such file or directory: 'sudo'
2024-12-06 14:01:56,765 - __main__ - ERROR - Error executing command for ./scene/assets_iiwa/link_4_grey.obj: [Errno 2] No such file or directory: 'sudo'
2024-12-06 14:01:56,765 - __main__ - ERROR - Error executing command for ./scene/assets_iiwa/band.obj: [Errno 2] No such file or directory: 'sudo'
2024-12-06 14:01:56,766 - __main__ - ERROR - Error executing command for ./scene/assets_iiwa/link_2_grey.obj: [Errno 2] No such file or directory: 'sudo'
2024-12-06 14:01:56,766 - __main__ - ERROR - Error executing command for ./scene/assets_iiwa/link_4_orange.obj: [Errno 2] No such file or directory: 'sudo'
2024-12-06 14:01:56,767 - __main__ - ERROR - Error executing command for ./scene/assets_iiwa/link_1.obj: [Errno 2] No such file or directory: 'sudo'
2024-12-06 14:01:56,767 - __main__ - ERROR - Error executing command for ./scene/assets_iiwa/link_6_grey.obj: [Errno 2] No such file or directory: 'sudo'
2024-12-06 14:01:56,767 - __main__ - ERROR - Error executing command for ./scene/assets_iiwa/link_7.obj: [Errno 2] No such file or directory: 'sudo'
2024-12-06 14:01:56,768 - __main__ - ERROR - Error executing command for ./scene/assets_iiwa/link_6_orange.obj: [Errno 2] No such file or directory: 'sudo'
2024-12-06 14:01:56,768 - __main__ - ERROR - Error executing command for ./scene/assets_iiwa/link_0.obj: [Errno 2] No such file or directory: 'sudo'
2024-12-06 14:01:56,768 - __main__ - ERROR - Error executing command for ./scene/assets_iiwa/link_2_orange.obj: [Errno 2] No such file or directory: 'sudo'
2024-12-06 14:01:56,769 - __main__ - ERROR - Error executing command for ./scene/assets_iiwa/link_5.obj: [Errno 2] No such file or directory: 'sudo'
2024-12-06 14:01:56,769 - __main__ - INFO - Finished processing all files.
2024-12-06 14:04:39,435 - __main__ - INFO - Logging setup complete. Level: INFO, File: ./logs/simulation_logs.log
2024-12-06 14:05:19,738 - __main__ - INFO - Logging setup complete. Level: INFO, File: ./logs/simulation_logs.log
2024-12-06 14:05:19,738 - __main__ - INFO - ./scene/scene.json
2024-12-06 14:05:20,282 - __main__ - INFO - Successfully downloaded anymal_b.xml
2024-12-06 14:05:20,282 - __main__ - INFO - Attempting to fetch folder contents from: https://api.github.com/repos/openroboticmetaverse/robot-description/contents/mujoco/anybotics_anymal_b/assets
2024-12-06 14:05:25,893 - __main__ - INFO - Successfully downloaded assets for anymal_b
2024-12-06 14:05:26,447 - __main__ - INFO - Successfully downloaded iiwa.xml
2024-12-06 14:05:26,447 - __main__ - INFO - Attempting to fetch folder contents from: https://api.github.com/repos/openroboticmetaverse/robot-description/contents/mujoco/kuka_iiwa_14/assets
2024-12-06 14:05:27,755 - __main__ - INFO - Successfully downloaded assets for iiwa
2024-12-06 14:05:28,313 - __main__ - INFO - Successfully downloaded fr3.xml
2024-12-06 14:05:28,313 - __main__ - INFO - Attempting to fetch folder contents from: https://api.github.com/repos/openroboticmetaverse/robot-description/contents/mujoco/franka_fr3/assets
2024-12-06 14:05:32,896 - __main__ - INFO - Successfully downloaded assets for fr3
2024-12-06 14:05:32,896 - __main__ - INFO - Found 48 files in ./scene/assets_anymal_b
2024-12-06 14:05:32,897 - __main__ - ERROR - Error executing command for ./scene/assets_anymal_b/anymal_thigh_r_3.obj: [Errno 2] No such file or directory: 'sudo'
2024-12-06 14:05:32,898 - __main__ - ERROR - Error executing command for ./scene/assets_anymal_b/anymal_hip_r_3.obj: [Errno 2] No such file or directory: 'sudo'
2024-12-06 14:05:32,898 - __main__ - ERROR - Error executing command for ./scene/assets_anymal_b/anymal_hip_l_3.obj: [Errno 2] No such file or directory: 'sudo'
2024-12-06 14:05:32,899 - __main__ - ERROR - Error executing command for ./scene/assets_anymal_b/anymal_hip_r_0.obj: [Errno 2] No such file or directory: 'sudo'
2024-12-06 14:05:32,899 - __main__ - ERROR - Error executing command for ./scene/assets_anymal_b/anymal_hip_l_5.obj: [Errno 2] No such file or directory: 'sudo'
2024-12-06 14:05:32,900 - __main__ - ERROR - Error executing command for ./scene/assets_anymal_b/anymal_shank_r_2.obj: [Errno 2] No such file or directory: 'sudo'
2024-12-06 14:05:32,900 - __main__ - ERROR - Error executing command for ./scene/assets_anymal_b/anymal_shank_l_0.obj: [Errno 2] No such file or directory: 'sudo'
2024-12-06 14:05:32,900 - __main__ - ERROR - Error executing command for ./scene/assets_anymal_b/anymal_base_7.obj: [Errno 2] No such file or directory: 'sudo'
2024-12-06 14:05:32,901 - __main__ - ERROR - Error executing command for ./scene/assets_anymal_b/anymal_thigh_l_1.obj: [Errno 2] No such file or directory: 'sudo'
2024-12-06 14:05:32,901 - __main__ - ERROR - Error executing command for ./scene/assets_anymal_b/anymal_thigh_l_4.obj: [Errno 2] No such file or directory: 'sudo'
2024-12-06 14:05:32,902 - __main__ - ERROR - Error executing command for ./scene/assets_anymal_b/anymal_foot_0.obj: [Errno 2] No such file or directory: 'sudo'
2024-12-06 14:05:32,902 - __main__ - ERROR - Error executing command for ./scene/assets_anymal_b/anymal_base_0.obj: [Errno 2] No such file or directory: 'sudo'
2024-12-06 14:05:32,902 - __main__ - ERROR - Error executing command for ./scene/assets_anymal_b/anymal_hip_l_6.obj: [Errno 2] No such file or directory: 'sudo'
2024-12-06 14:05:32,903 - __main__ - ERROR - Error executing command for ./scene/assets_anymal_b/anymal_thigh_r_1.obj: [Errno 2] No such file or directory: 'sudo'
2024-12-06 14:05:32,903 - __main__ - ERROR - Error executing command for ./scene/assets_anymal_b/anymal_shank_r_0.obj: [Errno 2] No such file or directory: 'sudo'
2024-12-06 14:05:32,904 - __main__ - ERROR - Error executing command for ./scene/assets_anymal_b/anymal_shank_l_2.obj: [Errno 2] No such file or directory: 'sudo'
2024-12-06 14:05:32,904 - __main__ - ERROR - Error executing command for ./scene/assets_anymal_b/anymal_hip_r_5.obj: [Errno 2] No such file or directory: 'sudo'
2024-12-06 14:05:32,905 - __main__ - ERROR - Error executing command for ./scene/assets_anymal_b/anymal_thigh_r_5.obj: [Errno 2] No such file or directory: 'sudo'
2024-12-06 14:05:32,905 - __main__ - ERROR - Error executing command for ./scene/assets_anymal_b/anymal_hip_r_1.obj: [Errno 2] No such file or directory: 'sudo'
2024-12-06 14:05:32,906 - __main__ - ERROR - Error executing command for ./scene/assets_anymal_b/anymal_base_4.obj: [Errno 2] No such file or directory: 'sudo'
2024-12-06 14:05:32,906 - __main__ - ERROR - Error executing command for ./scene/assets_anymal_b/anymal_base_2.obj: [Errno 2] No such file or directory: 'sudo'
2024-12-06 14:05:32,907 - __main__ - ERROR - Error executing command for ./scene/assets_anymal_b/anymal_foot_1.obj: [Errno 2] No such file or directory: 'sudo'
2024-12-06 14:05:32,907 - __main__ - ERROR - Error executing command for ./scene/assets_anymal_b/anymal_shank_l_1.obj: [Errno 2] No such file or directory: 'sudo'
2024-12-06 14:05:32,908 - __main__ - ERROR - Error executing command for ./scene/assets_anymal_b/anymal_thigh_l_3.obj: [Errno 2] No such file or directory: 'sudo'
2024-12-06 14:05:32,908 - __main__ - ERROR - Error executing command for ./scene/assets_anymal_b/anymal_thigh_r_0.obj: [Errno 2] No such file or directory: 'sudo'
2024-12-06 14:05:32,908 - __main__ - ERROR - Error executing command for ./scene/assets_anymal_b/base_uv_texture.png: [Errno 2] No such file or directory: 'sudo'
2024-12-06 14:05:32,909 - __main__ - ERROR - Error executing command for ./scene/assets_anymal_b/anymal_base_6.obj: [Errno 2] No such file or directory: 'sudo'
2024-12-06 14:05:32,909 - __main__ - ERROR - Error executing command for ./scene/assets_anymal_b/anymal_hip_l_4.obj: [Errno 2] No such file or directory: 'sudo'
2024-12-06 14:05:32,910 - __main__ - ERROR - Error executing command for ./scene/assets_anymal_b/anymal_thigh_l_5.obj: [Errno 2] No such file or directory: 'sudo'
2024-12-06 14:05:32,910 - __main__ - ERROR - Error executing command for ./scene/assets_anymal_b/anymal_thigh_r_4.obj: [Errno 2] No such file or directory: 'sudo'
2024-12-06 14:05:32,911 - __main__ - ERROR - Error executing command for ./scene/assets_anymal_b/anymal_base_1.obj: [Errno 2] No such file or directory: 'sudo'
2024-12-06 14:05:32,911 - __main__ - ERROR - Error executing command for ./scene/assets_anymal_b/anymal_shank_r_3.obj: [Errno 2] No such file or directory: 'sudo'
2024-12-06 14:05:32,912 - __main__ - ERROR - Error executing command for ./scene/assets_anymal_b/anymal_hip_l_1.obj: [Errno 2] No such file or directory: 'sudo'
2024-12-06 14:05:32,912 - __main__ - ERROR - Error executing command for ./scene/assets_anymal_b/anymal_foot_3.obj: [Errno 2] No such file or directory: 'sudo'
2024-12-06 14:05:32,913 - __main__ - ERROR - Error executing command for ./scene/assets_anymal_b/anymal_base_5.obj: [Errno 2] No such file or directory: 'sudo'
2024-12-06 14:05:32,913 - __main__ - ERROR - Error executing command for ./scene/assets_anymal_b/anymal_foot_2.obj: [Errno 2] No such file or directory: 'sudo'
2024-12-06 14:05:32,914 - __main__ - ERROR - Error executing command for ./scene/assets_anymal_b/anymal_shank_r_1.obj: [Errno 2] No such file or directory: 'sudo'
2024-12-06 14:05:32,914 - __main__ - ERROR - Error executing command for ./scene/assets_anymal_b/anymal_hip_r_2.obj: [Errno 2] No such file or directory: 'sudo'
2024-12-06 14:05:32,915 - __main__ - ERROR - Error executing command for ./scene/assets_anymal_b/anymal_hip_r_4.obj: [Errno 2] No such file or directory: 'sudo'
2024-12-06 14:05:32,915 - __main__ - ERROR - Error executing command for ./scene/assets_anymal_b/anymal_shank_l_3.obj: [Errno 2] No such file or directory: 'sudo'
2024-12-06 14:05:32,916 - __main__ - ERROR - Error executing command for ./scene/assets_anymal_b/anymal_base_3.obj: [Errno 2] No such file or directory: 'sudo'
2024-12-06 14:05:32,916 - __main__ - ERROR - Error executing command for ./scene/assets_anymal_b/anymal_hip_l_2.obj: [Errno 2] No such file or directory: 'sudo'
2024-12-06 14:05:32,917 - __main__ - ERROR - Error executing command for ./scene/assets_anymal_b/anymal_hip_r_6.obj: [Errno 2] No such file or directory: 'sudo'
2024-12-06 14:05:32,917 - __main__ - ERROR - Error executing command for ./scene/assets_anymal_b/anymal_thigh_r_2.obj: [Errno 2] No such file or directory: 'sudo'
2024-12-06 14:05:32,918 - __main__ - ERROR - Error executing command for ./scene/assets_anymal_b/anymal_thigh_l_0.obj: [Errno 2] No such file or directory: 'sudo'
2024-12-06 14:05:32,918 - __main__ - ERROR - Error executing command for ./scene/assets_anymal_b/anymal_hip_l_0.obj: [Errno 2] No such file or directory: 'sudo'
2024-12-06 14:05:32,918 - __main__ - ERROR - Error executing command for ./scene/assets_anymal_b/carbon_uv_texture.png: [Errno 2] No such file or directory: 'sudo'
2024-12-06 14:05:32,919 - __main__ - ERROR - Error executing command for ./scene/assets_anymal_b/anymal_thigh_l_2.obj: [Errno 2] No such file or directory: 'sudo'
2024-12-06 14:05:32,919 - __main__ - INFO - Finished processing all files.
2024-12-06 14:05:32,928 - __main__ - INFO - Found 42 files in ./scene/assets_fr3
2024-12-06 14:05:32,929 - __main__ - ERROR - Error executing command for ./scene/assets_fr3/link4.stl: [Errno 2] No such file or directory: 'sudo'
2024-12-06 14:05:32,930 - __main__ - ERROR - Error executing command for ./scene/assets_fr3/link3.stl: [Errno 2] No such file or directory: 'sudo'
2024-12-06 14:05:32,930 - __main__ - ERROR - Error executing command for ./scene/assets_fr3/link6_0.obj: [Errno 2] No such file or directory: 'sudo'
2024-12-06 14:05:32,931 - __main__ - ERROR - Error executing command for ./scene/assets_fr3/link3.obj: [Errno 2] No such file or directory: 'sudo'
2024-12-06 14:05:32,932 - __main__ - ERROR - Error executing command for ./scene/assets_fr3/link4.obj: [Errno 2] No such file or directory: 'sudo'
2024-12-06 14:05:32,932 - __main__ - ERROR - Error executing command for ./scene/assets_fr3/link7_2.obj: [Errno 2] No such file or directory: 'sudo'
2024-12-06 14:05:32,933 - __main__ - ERROR - Error executing command for ./scene/assets_fr3/link7.stl: [Errno 2] No such file or directory: 'sudo'
2024-12-06 14:05:32,933 - __main__ - ERROR - Error executing command for ./scene/assets_fr3/link7_3.obj: [Errno 2] No such file or directory: 'sudo'
2024-12-06 14:05:32,934 - __main__ - ERROR - Error executing command for ./scene/assets_fr3/link5.obj: [Errno 2] No such file or directory: 'sudo'
2024-12-06 14:05:32,934 - __main__ - ERROR - Error executing command for ./scene/assets_fr3/link7_0.obj: [Errno 2] No such file or directory: 'sudo'
2024-12-06 14:05:32,935 - __main__ - ERROR - Error executing command for ./scene/assets_fr3/link7_1.obj: [Errno 2] No such file or directory: 'sudo'
2024-12-06 14:05:32,936 - __main__ - ERROR - Error executing command for ./scene/assets_fr3/link4_1.obj: [Errno 2] No such file or directory: 'sudo'
2024-12-06 14:05:32,936 - __main__ - ERROR - Error executing command for ./scene/assets_fr3/link6.stl: [Errno 2] No such file or directory: 'sudo'
2024-12-06 14:05:32,937 - __main__ - ERROR - Error executing command for ./scene/assets_fr3/link0_4.obj: [Errno 2] No such file or directory: 'sudo'
2024-12-06 14:05:32,937 - __main__ - ERROR - Error executing command for ./scene/assets_fr3/link6_7.obj: [Errno 2] No such file or directory: 'sudo'
2024-12-06 14:05:32,938 - __main__ - ERROR - Error executing command for ./scene/assets_fr3/link5.stl: [Errno 2] No such file or directory: 'sudo'
2024-12-06 14:05:32,938 - __main__ - ERROR - Error executing command for ./scene/assets_fr3/link0.obj: [Errno 2] No such file or directory: 'sudo'
2024-12-06 14:05:32,939 - __main__ - ERROR - Error executing command for ./scene/assets_fr3/link6.obj: [Errno 2] No such file or directory: 'sudo'
2024-12-06 14:05:32,939 - __main__ - ERROR - Error executing command for ./scene/assets_fr3/link6_3.obj: [Errno 2] No such file or directory: 'sudo'
2024-12-06 14:05:32,940 - __main__ - ERROR - Error executing command for ./scene/assets_fr3/link6_6.obj: [Errno 2] No such file or directory: 'sudo'
2024-12-06 14:05:32,940 - __main__ - ERROR - Error executing command for ./scene/assets_fr3/link5_2.obj: [Errno 2] No such file or directory: 'sudo'
2024-12-06 14:05:32,941 - __main__ - ERROR - Error executing command for ./scene/assets_fr3/link0_0.obj: [Errno 2] No such file or directory: 'sudo'
2024-12-06 14:05:32,942 - __main__ - ERROR - Error executing command for ./scene/assets_fr3/link3_0.obj: [Errno 2] No such file or directory: 'sudo'
2024-12-06 14:05:32,943 - __main__ - ERROR - Error executing command for ./scene/assets_fr3/link6_1.obj: [Errno 2] No such file or directory: 'sudo'
2024-12-06 14:05:32,943 - __main__ - ERROR - Error executing command for ./scene/assets_fr3/link0_3.obj: [Errno 2] No such file or directory: 'sudo'
2024-12-06 14:05:32,944 - __main__ - ERROR - Error executing command for ./scene/assets_fr3/link2.obj: [Errno 2] No such file or directory: 'sudo'
2024-12-06 14:05:32,945 - __main__ - ERROR - Error executing command for ./scene/assets_fr3/link1.obj: [Errno 2] No such file or directory: 'sudo'
2024-12-06 14:05:32,945 - __main__ - ERROR - Error executing command for ./scene/assets_fr3/link1.stl: [Errno 2] No such file or directory: 'sudo'
2024-12-06 14:05:32,946 - __main__ - ERROR - Error executing command for ./scene/assets_fr3/link0_1.obj: [Errno 2] No such file or directory: 'sudo'
2024-12-06 14:05:32,947 - __main__ - ERROR - Error executing command for ./scene/assets_fr3/link2.stl: [Errno 2] No such file or directory: 'sudo'
2024-12-06 14:05:32,947 - __main__ - ERROR - Error executing command for ./scene/assets_fr3/link6_2.obj: [Errno 2] No such file or directory: 'sudo'
2024-12-06 14:05:32,948 - __main__ - ERROR - Error executing command for ./scene/assets_fr3/link0_6.obj: [Errno 2] No such file or directory: 'sudo'
2024-12-06 14:05:32,949 - __main__ - ERROR - Error executing command for ./scene/assets_fr3/link3_1.obj: [Errno 2] No such file or directory: 'sudo'
2024-12-06 14:05:32,949 - __main__ - ERROR - Error executing command for ./scene/assets_fr3/link5_0.obj: [Errno 2] No such file or directory: 'sudo'
2024-12-06 14:05:32,950 - __main__ - ERROR - Error executing command for ./scene/assets_fr3/link7.obj: [Errno 2] No such file or directory: 'sudo'
2024-12-06 14:05:32,951 - __main__ - ERROR - Error executing command for ./scene/assets_fr3/link0_5.obj: [Errno 2] No such file or directory: 'sudo'
2024-12-06 14:05:32,951 - __main__ - ERROR - Error executing command for ./scene/assets_fr3/link0_2.obj: [Errno 2] No such file or directory: 'sudo'
2024-12-06 14:05:32,951 - __main__ - ERROR - Error executing command for ./scene/assets_fr3/link0.stl: [Errno 2] No such file or directory: 'sudo'
2024-12-06 14:05:32,952 - __main__ - ERROR - Error executing command for ./scene/assets_fr3/link4_0.obj: [Errno 2] No such file or directory: 'sudo'
2024-12-06 14:05:32,953 - __main__ - ERROR - Error executing command for ./scene/assets_fr3/link5_1.obj: [Errno 2] No such file or directory: 'sudo'
2024-12-06 14:05:32,953 - __main__ - ERROR - Error executing command for ./scene/assets_fr3/link6_5.obj: [Errno 2] No such file or directory: 'sudo'
2024-12-06 14:05:32,953 - __main__ - ERROR - Error executing command for ./scene/assets_fr3/link6_4.obj: [Errno 2] No such file or directory: 'sudo'
2024-12-06 14:05:32,954 - __main__ - INFO - Finished processing all files.
2024-12-06 14:05:32,963 - __main__ - INFO - Found 13 files in ./scene/assets_iiwa
2024-12-06 14:05:32,963 - __main__ - ERROR - Error executing command for ./scene/assets_iiwa/link_3.obj: [Errno 2] No such file or directory: 'sudo'
2024-12-06 14:05:32,964 - __main__ - ERROR - Error executing command for ./scene/assets_iiwa/kuka.obj: [Errno 2] No such file or directory: 'sudo'
2024-12-06 14:05:32,965 - __main__ - ERROR - Error executing command for ./scene/assets_iiwa/link_4_grey.obj: [Errno 2] No such file or directory: 'sudo'
2024-12-06 14:05:32,965 - __main__ - ERROR - Error executing command for ./scene/assets_iiwa/band.obj: [Errno 2] No such file or directory: 'sudo'
2024-12-06 14:05:32,966 - __main__ - ERROR - Error executing command for ./scene/assets_iiwa/link_2_grey.obj: [Errno 2] No such file or directory: 'sudo'
2024-12-06 14:05:32,966 - __main__ - ERROR - Error executing command for ./scene/assets_iiwa/link_4_orange.obj: [Errno 2] No such file or directory: 'sudo'
2024-12-06 14:05:32,967 - __main__ - ERROR - Error executing command for ./scene/assets_iiwa/link_1.obj: [Errno 2] No such file or directory: 'sudo'
2024-12-06 14:05:32,967 - __main__ - ERROR - Error executing command for ./scene/assets_iiwa/link_6_grey.obj: [Errno 2] No such file or directory: 'sudo'
2024-12-06 14:05:32,968 - __main__ - ERROR - Error executing command for ./scene/assets_iiwa/link_7.obj: [Errno 2] No such file or directory: 'sudo'
2024-12-06 14:05:32,969 - __main__ - ERROR - Error executing command for ./scene/assets_iiwa/link_6_orange.obj: [Errno 2] No such file or directory: 'sudo'
2024-12-06 14:05:32,969 - __main__ - ERROR - Error executing command for ./scene/assets_iiwa/link_0.obj: [Errno 2] No such file or directory: 'sudo'
2024-12-06 14:05:32,970 - __main__ - ERROR - Error executing command for ./scene/assets_iiwa/link_2_orange.obj: [Errno 2] No such file or directory: 'sudo'
2024-12-06 14:05:32,970 - __main__ - ERROR - Error executing command for ./scene/assets_iiwa/link_5.obj: [Errno 2] No such file or directory: 'sudo'
2024-12-06 14:05:32,970 - __main__ - INFO - Finished processing all files.
2024-12-06 14:07:14,057 - __main__ - INFO - Logging setup complete. Level: INFO, File: ./logs/simulation_logs.log
2024-12-06 14:07:14,057 - __main__ - INFO - ./scene/scene.json
2024-12-06 14:07:14,663 - __main__ - INFO - Successfully downloaded anymal_b.xml
2024-12-06 14:07:14,663 - __main__ - INFO - Attempting to fetch folder contents from: https://api.github.com/repos/openroboticmetaverse/robot-description/contents/mujoco/anybotics_anymal_b/assets
2024-12-06 14:07:29,316 - __main__ - INFO - Successfully downloaded assets for anymal_b
2024-12-06 14:07:29,721 - __main__ - INFO - Successfully downloaded iiwa.xml
2024-12-06 14:07:29,721 - __main__ - INFO - Attempting to fetch folder contents from: https://api.github.com/repos/openroboticmetaverse/robot-description/contents/mujoco/kuka_iiwa_14/assets
2024-12-06 14:07:33,195 - __main__ - INFO - Successfully downloaded assets for iiwa
2024-12-06 14:07:33,729 - __main__ - INFO - Successfully downloaded fr3.xml
2024-12-06 14:07:33,729 - __main__ - INFO - Attempting to fetch folder contents from: https://api.github.com/repos/openroboticmetaverse/robot-description/contents/mujoco/franka_fr3/assets
2024-12-06 14:07:46,586 - __main__ - INFO - Successfully downloaded assets for fr3
2024-12-06 14:27:00,606 - __main__ - INFO - Logging setup complete. Level: INFO, File: ./logs/simulation_logs.log
2024-12-06 14:27:00,606 - __main__ - INFO - ./scene/scene.json
2024-12-06 14:27:01,166 - __main__ - INFO - Successfully downloaded anymal_b.xml
2024-12-06 14:27:01,166 - __main__ - INFO - Attempting to fetch folder contents from: https://api.github.com/repos/openroboticmetaverse/robot-description/contents/mujoco/anybotics_anymal_b/assets
2024-12-06 14:27:16,225 - __main__ - INFO - Successfully downloaded assets for anymal_b
2024-12-06 14:27:16,719 - __main__ - INFO - Successfully downloaded iiwa.xml
2024-12-06 14:27:16,719 - __main__ - INFO - Attempting to fetch folder contents from: https://api.github.com/repos/openroboticmetaverse/robot-description/contents/mujoco/kuka_iiwa_14/assets
2024-12-06 14:27:21,092 - __main__ - INFO - Successfully downloaded assets for iiwa
2024-12-06 14:27:21,729 - __main__ - INFO - Successfully downloaded fr3.xml
2024-12-06 14:27:21,729 - __main__ - INFO - Attempting to fetch folder contents from: https://api.github.com/repos/openroboticmetaverse/robot-description/contents/mujoco/franka_fr3/assets
2024-12-06 14:27:35,456 - __main__ - INFO - Successfully downloaded assets for fr3
2024-12-06 14:32:56,278 - __main__ - INFO - Logging setup complete. Level: INFO, File: ./logs/simulation_logs.log
2024-12-06 14:32:56,285 - __main__ - INFO - Successfully Removed ./scene/assets_anymal_b
2024-12-06 14:32:56,285 - __main__ - INFO - Successfully Removed ./scene/anymal_b.xml
2024-12-06 14:32:56,285 - __main__ - INFO - Successfully Removed ./scene/fr3.xml
2024-12-06 14:32:56,292 - __main__ - INFO - Successfully Removed ./scene/assets_fr3
2024-12-06 14:32:56,293 - __main__ - INFO - Successfully Removed ./scene/assets_iiwa
2024-12-06 14:32:56,293 - __main__ - INFO - Successfully Removed ./scene/iiwa.xml
2024-12-06 14:33:03,580 - __main__ - INFO - Logging setup complete. Level: INFO, File: ./logs/simulation_logs.log
2024-12-06 14:33:03,580 - __main__ - INFO - ./scene/scene.json
2024-12-06 14:33:03,829 - __main__ - INFO - Successfully downloaded anymal_b.xml
2024-12-06 14:33:03,829 - __main__ - INFO - Attempting to fetch folder contents from: https://api.github.com/repos/openroboticmetaverse/robot-description/contents/mujoco/anybotics_anymal_b/assets
2024-12-06 14:33:18,270 - __main__ - INFO - Successfully downloaded assets for anymal_b
2024-12-06 14:33:18,512 - __main__ - INFO - Successfully downloaded iiwa.xml
2024-12-06 14:33:18,512 - __main__ - INFO - Attempting to fetch folder contents from: https://api.github.com/repos/openroboticmetaverse/robot-description/contents/mujoco/kuka_iiwa_14/assets
2024-12-06 14:33:23,203 - __main__ - INFO - Successfully downloaded assets for iiwa
2024-12-06 14:33:23,430 - __main__ - INFO - Successfully downloaded fr3.xml
2024-12-06 14:33:23,430 - __main__ - INFO - Attempting to fetch folder contents from: https://api.github.com/repos/openroboticmetaverse/robot-description/contents/mujoco/franka_fr3/assets
2024-12-06 14:33:35,422 - __main__ - INFO - Successfully downloaded assets for fr3
2024-12-06 15:56:05,701 - __main__ - INFO - Logging setup complete. Level: INFO, File: ./logs/simulation_logs.log
2024-12-06 15:56:05,701 - __main__ - INFO - ./scene/scene.json
2024-12-06 15:56:40,177 - __main__ - INFO - Logging setup complete. Level: INFO, File: ./logs/simulation_logs.log
2024-12-06 15:56:40,177 - __main__ - INFO - ./scene/scene.json
2024-12-06 16:09:04,414 - __main__ - INFO - Logging setup complete. Level: INFO, File: ./logs/simulation_logs.log
2024-12-06 16:09:04,414 - __main__ - INFO - ./scene/scene.json
2024-12-06 16:09:46,679 - __main__ - INFO - Logging setup complete. Level: INFO, File: ./logs/simulation_logs.log
2024-12-06 16:09:46,679 - __main__ - INFO - ./scene/scene.json
2024-12-06 16:10:15,458 - __main__ - INFO - Logging setup complete. Level: INFO, File: ./logs/simulation_logs.log
2024-12-06 16:10:15,458 - __main__ - INFO - ./scene/scene.json
2024-12-06 16:10:15,459 - __main__ - ERROR - An error occurred in /sim_ws/src/multi-model_simulation.py at line 81
2024-12-06 16:10:15,459 - __main__ - ERROR - Error Type: SyntaxError
2024-12-06 16:10:15,459 - __main__ - ERROR - Error Message: cannot use absolute path on element
2024-12-06 16:10:15,459 - __main__ - ERROR - Traceback:
2024-12-06 16:10:15,462 - __main__ - ERROR - Traceback (most recent call last):
  File "/usr/local/lib/python3.13/xml/etree/ElementPath.py", line 370, in iterfind
    selector = _cache[cache_key]
               ~~~~~~^^^^^^^^^^^
KeyError: ('//default',)

During handling of the above exception, another exception occurred:

Traceback (most recent call last):
  File "/sim_ws/src/multi-model_simulation.py", line 81, in __init__
    self.create_new_scene()
    ~~~~~~~~~~~~~~~~~~~~~^^
  File "/sim_ws/src/multi-model_simulation.py", line 208, in create_new_scene
    self.parse_section(default_section, tag, robot_name)
    ~~~~~~~~~~~~~~~~~~^^^^^^^^^^^^^^^^^^^^^^^^^^^^^^^^^^
  File "/sim_ws/src/multi-model_simulation.py", line 252, in parse_section
    subsections = section.find('//default')
  File "/usr/local/lib/python3.13/xml/etree/ElementPath.py", line 405, in find
    return next(iterfind(elem, path, namespaces), None)
                ~~~~~~~~^^^^^^^^^^^^^^^^^^^^^^^^
  File "/usr/local/lib/python3.13/xml/etree/ElementPath.py", line 375, in iterfind
    raise SyntaxError("cannot use absolute path on element")
SyntaxError: cannot use absolute path on element

2024-12-06 16:10:28,133 - __main__ - INFO - Logging setup complete. Level: INFO, File: ./logs/simulation_logs.log
2024-12-06 16:10:28,133 - __main__ - INFO - ./scene/scene.json
2024-12-06 16:10:28,134 - __main__ - ERROR - An error occurred in /sim_ws/src/multi-model_simulation.py at line 81
2024-12-06 16:10:28,134 - __main__ - ERROR - Error Type: SyntaxError
2024-12-06 16:10:28,134 - __main__ - ERROR - Error Message: cannot use absolute path on element
2024-12-06 16:10:28,134 - __main__ - ERROR - Traceback:
2024-12-06 16:10:28,135 - __main__ - ERROR - Traceback (most recent call last):
  File "/usr/local/lib/python3.13/xml/etree/ElementPath.py", line 370, in iterfind
    selector = _cache[cache_key]
               ~~~~~~^^^^^^^^^^^
KeyError: ('/default',)

During handling of the above exception, another exception occurred:

Traceback (most recent call last):
  File "/sim_ws/src/multi-model_simulation.py", line 81, in __init__
    self.create_new_scene()
    ~~~~~~~~~~~~~~~~~~~~~^^
  File "/sim_ws/src/multi-model_simulation.py", line 208, in create_new_scene
    self.parse_section(default_section, tag, robot_name)
    ~~~~~~~~~~~~~~~~~~^^^^^^^^^^^^^^^^^^^^^^^^^^^^^^^^^^
  File "/sim_ws/src/multi-model_simulation.py", line 252, in parse_section
    subsections = section.find('/default')
  File "/usr/local/lib/python3.13/xml/etree/ElementPath.py", line 405, in find
    return next(iterfind(elem, path, namespaces), None)
                ~~~~~~~~^^^^^^^^^^^^^^^^^^^^^^^^
  File "/usr/local/lib/python3.13/xml/etree/ElementPath.py", line 375, in iterfind
    raise SyntaxError("cannot use absolute path on element")
SyntaxError: cannot use absolute path on element

2024-12-06 16:10:38,262 - __main__ - INFO - Logging setup complete. Level: INFO, File: ./logs/simulation_logs.log
2024-12-06 16:10:38,263 - __main__ - INFO - ./scene/scene.json
2024-12-06 16:11:23,451 - __main__ - INFO - Logging setup complete. Level: INFO, File: ./logs/simulation_logs.log
2024-12-06 16:11:23,451 - __main__ - INFO - ./scene/scene.json
2024-12-06 16:12:10,268 - __main__ - INFO - Logging setup complete. Level: INFO, File: ./logs/simulation_logs.log
2024-12-06 16:12:10,268 - __main__ - INFO - ./scene/scene.json
2024-12-06 16:12:10,270 - __main__ - ERROR - An error occurred in /sim_ws/src/multi-model_simulation.py at line 81
2024-12-06 16:12:10,270 - __main__ - ERROR - Error Type: TypeError
2024-12-06 16:12:10,270 - __main__ - ERROR - Error Message: argument of type 'NoneType' is not iterable
2024-12-06 16:12:10,270 - __main__ - ERROR - Traceback:
2024-12-06 16:12:10,271 - __main__ - ERROR - Traceback (most recent call last):
  File "/sim_ws/src/multi-model_simulation.py", line 81, in __init__
    self.create_new_scene()
    ~~~~~~~~~~~~~~~~~~~~~^^
  File "/sim_ws/src/multi-model_simulation.py", line 208, in create_new_scene
    self.parse_section(default_section, tag, robot_name)
    ~~~~~~~~~~~~~~~~~~^^^^^^^^^^^^^^^^^^^^^^^^^^^^^^^^^^
  File "/sim_ws/src/multi-model_simulation.py", line 249, in parse_section
    if robot_name not in section.get('name'):
       ^^^^^^^^^^^^^^^^^^^^^^^^^^^^^^^^^^^^^
TypeError: argument of type 'NoneType' is not iterable

2024-12-06 16:12:30,955 - __main__ - INFO - Logging setup complete. Level: INFO, File: ./logs/simulation_logs.log
2024-12-06 16:12:30,955 - __main__ - INFO - ./scene/scene.json
2024-12-06 16:12:30,956 - __main__ - ERROR - An error occurred in /sim_ws/src/multi-model_simulation.py at line 81
2024-12-06 16:12:30,956 - __main__ - ERROR - Error Type: TypeError
2024-12-06 16:12:30,956 - __main__ - ERROR - Error Message: argument of type 'NoneType' is not iterable
2024-12-06 16:12:30,956 - __main__ - ERROR - Traceback:
2024-12-06 16:12:30,957 - __main__ - ERROR - Traceback (most recent call last):
  File "/sim_ws/src/multi-model_simulation.py", line 81, in __init__
    self.create_new_scene()
    ~~~~~~~~~~~~~~~~~~~~~^^
  File "/sim_ws/src/multi-model_simulation.py", line 208, in create_new_scene
    self.parse_section(default_section, tag, robot_name)
    ~~~~~~~~~~~~~~~~~~^^^^^^^^^^^^^^^^^^^^^^^^^^^^^^^^^^
  File "/sim_ws/src/multi-model_simulation.py", line 249, in parse_section
    if robot_name not in section.get('class'):
       ^^^^^^^^^^^^^^^^^^^^^^^^^^^^^^^^^^^^^^
TypeError: argument of type 'NoneType' is not iterable

2024-12-06 16:12:49,836 - __main__ - INFO - Logging setup complete. Level: INFO, File: ./logs/simulation_logs.log
2024-12-06 16:12:49,836 - __main__ - INFO - ./scene/scene.json
2024-12-06 16:15:39,094 - __main__ - INFO - Logging setup complete. Level: INFO, File: ./logs/simulation_logs.log
2024-12-06 16:15:39,094 - __main__ - INFO - ./scene/scene.json
2024-12-06 16:15:39,095 - __main__ - INFO - HAA
2024-12-06 16:15:39,095 - __main__ - INFO - HFE
2024-12-06 16:15:39,095 - __main__ - INFO - KFE
2024-12-06 16:15:39,095 - __main__ - INFO - visual
2024-12-06 16:15:39,095 - __main__ - INFO - visual_zflip
2024-12-06 16:15:39,095 - __main__ - INFO - collision
2024-12-06 16:15:39,095 - __main__ - INFO - haa_actuator
2024-12-06 16:15:39,095 - __main__ - INFO - belly_plate_bump
2024-12-06 16:15:39,095 - __main__ - INFO - mount
2024-12-06 16:15:39,096 - __main__ - INFO - protector
2024-12-06 16:15:39,096 - __main__ - INFO - heatfins
2024-12-06 16:15:39,096 - __main__ - INFO - thigh_with_fins
2024-12-06 16:15:39,096 - __main__ - INFO - kfe_actuator
2024-12-06 16:15:39,096 - __main__ - INFO - upper_protector
2024-12-06 16:15:39,096 - __main__ - INFO - shank
2024-12-06 16:15:39,096 - __main__ - INFO - adapter
2024-12-06 16:15:39,096 - __main__ - INFO - foot
2024-12-06 16:15:39,096 - __main__ - INFO - affine
2024-12-06 16:15:39,097 - __main__ - INFO - joint1
2024-12-06 16:15:39,097 - __main__ - INFO - joint2
2024-12-06 16:15:39,097 - __main__ - INFO - joint3
2024-12-06 16:15:39,097 - __main__ - INFO - visual
2024-12-06 16:15:39,097 - __main__ - INFO - collision
2024-12-06 16:15:39,097 - __main__ - INFO - visual
2024-12-06 16:15:39,097 - __main__ - INFO - collision
2024-12-06 16:41:57,010 - __main__ - INFO - Logging setup complete. Level: INFO, File: ./logs/simulation_logs.log
2024-12-06 16:45:12,091 - __main__ - INFO - Logging setup complete. Level: INFO, File: ./logs/simulation_logs.log
2024-12-06 16:46:33,563 - __main__ - INFO - Logging setup complete. Level: INFO, File: ./logs/simulation_logs.log
2024-12-06 16:47:45,695 - __main__ - INFO - Logging setup complete. Level: INFO, File: ./logs/simulation_logs.log
2024-12-06 16:47:58,059 - __main__ - INFO - Logging setup complete. Level: INFO, File: ./logs/simulation_logs.log
2024-12-06 16:48:07,819 - __main__ - INFO - Logging setup complete. Level: INFO, File: ./logs/simulation_logs.log
2024-12-06 16:49:22,228 - __main__ - INFO - Logging setup complete. Level: INFO, File: ./logs/simulation_logs.log
2024-12-06 16:49:51,715 - __main__ - INFO - Logging setup complete. Level: INFO, File: ./logs/simulation_logs.log
2024-12-06 16:50:48,161 - __main__ - INFO - Logging setup complete. Level: INFO, File: ./logs/simulation_logs.log
2024-12-06 16:50:48,162 - __main__ - INFO - None
2024-12-06 16:50:48,162 - __main__ - INFO - None
2024-12-06 16:50:48,163 - __main__ - INFO - None
2024-12-06 16:50:48,164 - __main__ - INFO - None
2024-12-06 16:50:48,164 - __main__ - INFO - None
2024-12-06 16:50:48,164 - __main__ - INFO - None
2024-12-06 16:50:48,164 - __main__ - INFO - None
2024-12-06 16:50:48,165 - __main__ - INFO - None
2024-12-06 16:50:48,165 - __main__ - INFO - None
2024-12-06 16:52:05,833 - __main__ - INFO - Logging setup complete. Level: INFO, File: ./logs/simulation_logs.log
2024-12-06 16:52:05,834 - __main__ - INFO - None
2024-12-06 16:52:05,834 - __main__ - INFO - None
2024-12-06 16:52:05,834 - __main__ - INFO - None
2024-12-06 16:52:05,834 - __main__ - INFO - None
2024-12-06 16:52:05,835 - __main__ - INFO - None
2024-12-06 16:52:05,835 - __main__ - INFO - None
2024-12-06 16:52:05,835 - __main__ - INFO - None
2024-12-06 16:52:05,835 - __main__ - INFO - None
2024-12-06 16:52:05,836 - __main__ - INFO - None
2024-12-06 16:52:05,836 - __main__ - INFO - None
2024-12-06 16:52:05,836 - __main__ - INFO - None
2024-12-06 16:52:05,836 - __main__ - INFO - None
2024-12-06 16:52:05,837 - __main__ - INFO - None
2024-12-06 16:52:05,837 - __main__ - INFO - None
2024-12-06 16:52:05,837 - __main__ - INFO - None
2024-12-06 16:52:05,837 - __main__ - INFO - None
2024-12-06 16:52:05,837 - __main__ - INFO - None
2024-12-06 16:52:05,837 - __main__ - INFO - None
2024-12-06 16:52:18,275 - __main__ - INFO - Logging setup complete. Level: INFO, File: ./logs/simulation_logs.log
2024-12-06 16:52:18,276 - __main__ - INFO - None
2024-12-06 16:52:18,277 - __main__ - INFO - None
2024-12-06 16:52:18,277 - __main__ - INFO - None
2024-12-06 16:52:18,277 - __main__ - INFO - None
2024-12-06 16:52:18,278 - __main__ - INFO - None
2024-12-06 16:52:18,278 - __main__ - INFO - None
2024-12-06 16:52:18,278 - __main__ - INFO - None
2024-12-06 16:52:18,278 - __main__ - INFO - None
2024-12-06 16:52:18,279 - __main__ - INFO - None
2024-12-06 16:52:18,279 - __main__ - INFO - None
2024-12-06 16:52:18,279 - __main__ - INFO - None
2024-12-06 16:52:18,279 - __main__ - INFO - None
2024-12-06 16:52:18,279 - __main__ - INFO - None
2024-12-06 16:52:18,279 - __main__ - INFO - None
2024-12-06 16:52:18,279 - __main__ - INFO - None
2024-12-06 16:52:18,279 - __main__ - INFO - None
2024-12-06 16:52:18,280 - __main__ - INFO - None
2024-12-06 16:52:18,280 - __main__ - INFO - None
2024-12-06 16:53:15,905 - __main__ - INFO - Logging setup complete. Level: INFO, File: ./logs/simulation_logs.log
2024-12-06 16:53:15,906 - __main__ - INFO - worldbody
2024-12-06 16:53:15,906 - __main__ - INFO - None
2024-12-06 16:53:15,907 - __main__ - INFO - None
2024-12-06 16:53:15,907 - __main__ - INFO - =================================
2024-12-06 16:53:15,907 - __main__ - INFO - worldbody
2024-12-06 16:53:15,907 - __main__ - INFO - None
2024-12-06 16:53:15,907 - __main__ - INFO - None
2024-12-06 16:53:15,907 - __main__ - INFO - =================================
2024-12-06 16:53:15,907 - __main__ - INFO - worldbody
2024-12-06 16:53:15,908 - __main__ - INFO - None
2024-12-06 16:53:15,908 - __main__ - INFO - None
2024-12-06 16:53:15,908 - __main__ - INFO - =================================
2024-12-06 16:53:15,908 - __main__ - INFO - worldbody
2024-12-06 16:53:15,908 - __main__ - INFO - None
2024-12-06 16:53:15,908 - __main__ - INFO - None
2024-12-06 16:53:15,908 - __main__ - INFO - =================================
2024-12-06 16:53:15,908 - __main__ - INFO - worldbody
2024-12-06 16:53:15,908 - __main__ - INFO - None
2024-12-06 16:53:15,909 - __main__ - INFO - None
2024-12-06 16:53:15,909 - __main__ - INFO - =================================
2024-12-06 16:53:15,909 - __main__ - INFO - worldbody
2024-12-06 16:53:15,909 - __main__ - INFO - None
2024-12-06 16:53:15,909 - __main__ - INFO - None
2024-12-06 16:53:15,909 - __main__ - INFO - =================================
2024-12-06 16:53:15,909 - __main__ - INFO - worldbody
2024-12-06 16:53:15,909 - __main__ - INFO - None
2024-12-06 16:53:15,910 - __main__ - INFO - None
2024-12-06 16:53:15,910 - __main__ - INFO - =================================
2024-12-06 16:53:15,910 - __main__ - INFO - worldbody
2024-12-06 16:53:15,910 - __main__ - INFO - None
2024-12-06 16:53:15,910 - __main__ - INFO - None
2024-12-06 16:53:15,910 - __main__ - INFO - =================================
2024-12-06 16:53:15,910 - __main__ - INFO - worldbody
2024-12-06 16:53:15,910 - __main__ - INFO - None
2024-12-06 16:53:15,910 - __main__ - INFO - None
2024-12-06 16:53:15,910 - __main__ - INFO - =================================
2024-12-06 16:54:46,224 - __main__ - INFO - Logging setup complete. Level: INFO, File: ./logs/simulation_logs.log
2024-12-06 16:54:46,225 - __main__ - INFO - body
2024-12-06 16:54:46,225 - __main__ - INFO - base
2024-12-06 16:54:46,225 - __main__ - INFO - anymal_b
2024-12-06 16:54:46,225 - __main__ - INFO - =================================
2024-12-06 16:54:46,226 - __main__ - INFO - body
2024-12-06 16:54:46,226 - __main__ - INFO - base
2024-12-06 16:54:46,226 - __main__ - INFO - anymal_b
2024-12-06 16:54:46,226 - __main__ - INFO - =================================
2024-12-06 16:54:46,226 - __main__ - INFO - body
2024-12-06 16:54:46,226 - __main__ - INFO - base
2024-12-06 16:54:46,226 - __main__ - INFO - anymal_b
2024-12-06 16:54:46,226 - __main__ - INFO - =================================
2024-12-06 16:54:46,226 - __main__ - INFO - body
2024-12-06 16:54:46,226 - __main__ - INFO - base
2024-12-06 16:54:46,226 - __main__ - INFO - anymal_b
2024-12-06 16:54:46,226 - __main__ - INFO - =================================
2024-12-06 16:54:46,226 - __main__ - INFO - body
2024-12-06 16:54:46,226 - __main__ - INFO - base
2024-12-06 16:54:46,226 - __main__ - INFO - anymal_b
2024-12-06 16:54:46,226 - __main__ - INFO - =================================
2024-12-06 16:54:46,226 - __main__ - INFO - body
2024-12-06 16:54:46,226 - __main__ - INFO - base
2024-12-06 16:54:46,226 - __main__ - INFO - anymal_b
2024-12-06 16:54:46,226 - __main__ - INFO - =================================
2024-12-06 16:54:46,226 - __main__ - INFO - body
2024-12-06 16:54:46,227 - __main__ - INFO - base
2024-12-06 16:54:46,227 - __main__ - INFO - anymal_b
2024-12-06 16:54:46,227 - __main__ - INFO - =================================
2024-12-06 16:54:46,227 - __main__ - INFO - body
2024-12-06 16:54:46,227 - __main__ - INFO - base
2024-12-06 16:54:46,227 - __main__ - INFO - anymal_b
2024-12-06 16:54:46,227 - __main__ - INFO - =================================
2024-12-06 16:54:46,227 - __main__ - INFO - body
2024-12-06 16:54:46,227 - __main__ - INFO - base
2024-12-06 16:54:46,227 - __main__ - INFO - anymal_b
2024-12-06 16:54:46,227 - __main__ - INFO - =================================
2024-12-06 16:54:46,227 - __main__ - INFO - body
2024-12-06 16:54:46,227 - __main__ - INFO - base
2024-12-06 16:54:46,227 - __main__ - INFO - anymal_b
2024-12-06 16:54:46,227 - __main__ - INFO - =================================
2024-12-06 16:54:46,227 - __main__ - INFO - body
2024-12-06 16:54:46,227 - __main__ - INFO - base
2024-12-06 16:54:46,227 - __main__ - INFO - anymal_b
2024-12-06 16:54:46,227 - __main__ - INFO - =================================
2024-12-06 16:54:46,227 - __main__ - INFO - body
2024-12-06 16:54:46,227 - __main__ - INFO - base
2024-12-06 16:54:46,227 - __main__ - INFO - anymal_b
2024-12-06 16:54:46,227 - __main__ - INFO - =================================
2024-12-06 16:54:46,228 - __main__ - INFO - body
2024-12-06 16:54:46,228 - __main__ - INFO - base
2024-12-06 16:54:46,228 - __main__ - INFO - anymal_b
2024-12-06 16:54:46,228 - __main__ - INFO - =================================
2024-12-06 16:54:46,228 - __main__ - INFO - body
2024-12-06 16:54:46,228 - __main__ - INFO - base
2024-12-06 16:54:46,228 - __main__ - INFO - anymal_b
2024-12-06 16:54:46,228 - __main__ - INFO - =================================
2024-12-06 16:54:46,228 - __main__ - INFO - body
2024-12-06 16:54:46,228 - __main__ - INFO - base
2024-12-06 16:54:46,228 - __main__ - INFO - anymal_b
2024-12-06 16:54:46,228 - __main__ - INFO - =================================
2024-12-06 16:54:46,228 - __main__ - INFO - body
2024-12-06 16:54:46,228 - __main__ - INFO - base
2024-12-06 16:54:46,228 - __main__ - INFO - anymal_b
2024-12-06 16:54:46,228 - __main__ - INFO - =================================
2024-12-06 16:54:46,228 - __main__ - INFO - body
2024-12-06 16:54:46,228 - __main__ - INFO - base
2024-12-06 16:54:46,228 - __main__ - INFO - anymal_b
2024-12-06 16:54:46,228 - __main__ - INFO - =================================
2024-12-06 16:54:46,228 - __main__ - INFO - body
2024-12-06 16:54:46,229 - __main__ - INFO - base
2024-12-06 16:54:46,229 - __main__ - INFO - anymal_b
2024-12-06 16:54:46,229 - __main__ - INFO - =================================
2024-12-06 16:54:46,229 - __main__ - INFO - body
2024-12-06 16:54:46,229 - __main__ - INFO - base
2024-12-06 16:54:46,229 - __main__ - INFO - anymal_b
2024-12-06 16:54:46,229 - __main__ - INFO - =================================
2024-12-06 16:54:46,229 - __main__ - INFO - body
2024-12-06 16:54:46,229 - __main__ - INFO - base
2024-12-06 16:54:46,229 - __main__ - INFO - anymal_b
2024-12-06 16:54:46,229 - __main__ - INFO - =================================
2024-12-06 16:54:46,229 - __main__ - INFO - body
2024-12-06 16:54:46,229 - __main__ - INFO - base
2024-12-06 16:54:46,229 - __main__ - INFO - anymal_b
2024-12-06 16:54:46,229 - __main__ - INFO - =================================
2024-12-06 16:54:46,229 - __main__ - INFO - body
2024-12-06 16:54:46,229 - __main__ - INFO - base
2024-12-06 16:54:46,230 - __main__ - INFO - anymal_b
2024-12-06 16:54:46,230 - __main__ - INFO - =================================
2024-12-06 16:54:46,230 - __main__ - INFO - body
2024-12-06 16:54:46,230 - __main__ - INFO - base
2024-12-06 16:54:46,230 - __main__ - INFO - anymal_b
2024-12-06 16:54:46,230 - __main__ - INFO - =================================
2024-12-06 16:54:46,230 - __main__ - INFO - body
2024-12-06 16:54:46,231 - __main__ - INFO - base
2024-12-06 16:54:46,231 - __main__ - INFO - anymal_b
2024-12-06 16:54:46,231 - __main__ - INFO - =================================
2024-12-06 16:54:46,231 - __main__ - INFO - body
2024-12-06 16:54:46,231 - __main__ - INFO - base
2024-12-06 16:54:46,231 - __main__ - INFO - anymal_b
2024-12-06 16:54:46,231 - __main__ - INFO - =================================
2024-12-06 16:54:46,231 - __main__ - INFO - body
2024-12-06 16:54:46,231 - __main__ - INFO - base
2024-12-06 16:54:46,231 - __main__ - INFO - anymal_b
2024-12-06 16:54:46,231 - __main__ - INFO - =================================
2024-12-06 16:54:46,231 - __main__ - INFO - body
2024-12-06 16:54:46,231 - __main__ - INFO - base
2024-12-06 16:54:46,231 - __main__ - INFO - anymal_b
2024-12-06 16:54:46,231 - __main__ - INFO - =================================
2024-12-06 16:54:46,231 - __main__ - INFO - body
2024-12-06 16:54:46,231 - __main__ - INFO - base
2024-12-06 16:54:46,231 - __main__ - INFO - anymal_b
2024-12-06 16:54:46,231 - __main__ - INFO - =================================
2024-12-06 16:54:46,231 - __main__ - INFO - body
2024-12-06 16:54:46,232 - __main__ - INFO - base
2024-12-06 16:54:46,232 - __main__ - INFO - anymal_b
2024-12-06 16:54:46,232 - __main__ - INFO - =================================
2024-12-06 16:54:46,232 - __main__ - INFO - body
2024-12-06 16:54:46,232 - __main__ - INFO - base
2024-12-06 16:54:46,232 - __main__ - INFO - anymal_b
2024-12-06 16:54:46,232 - __main__ - INFO - =================================
2024-12-06 16:54:46,232 - __main__ - INFO - body
2024-12-06 16:54:46,232 - __main__ - INFO - base
2024-12-06 16:54:46,232 - __main__ - INFO - anymal_b
2024-12-06 16:54:46,232 - __main__ - INFO - =================================
2024-12-06 16:54:46,232 - __main__ - INFO - body
2024-12-06 16:54:46,232 - __main__ - INFO - base
2024-12-06 16:54:46,232 - __main__ - INFO - anymal_b
2024-12-06 16:54:46,232 - __main__ - INFO - =================================
2024-12-06 16:54:46,232 - __main__ - INFO - body
2024-12-06 16:54:46,232 - __main__ - INFO - base
2024-12-06 16:54:46,232 - __main__ - INFO - anymal_b
2024-12-06 16:54:46,232 - __main__ - INFO - =================================
2024-12-06 16:54:46,232 - __main__ - INFO - body
2024-12-06 16:54:46,232 - __main__ - INFO - base
2024-12-06 16:54:46,232 - __main__ - INFO - anymal_b
2024-12-06 16:54:46,233 - __main__ - INFO - =================================
2024-12-06 16:54:46,233 - __main__ - INFO - body
2024-12-06 16:54:46,233 - __main__ - INFO - base
2024-12-06 16:54:46,233 - __main__ - INFO - anymal_b
2024-12-06 16:54:46,233 - __main__ - INFO - =================================
2024-12-06 16:54:46,233 - __main__ - INFO - body
2024-12-06 16:54:46,233 - __main__ - INFO - base
2024-12-06 16:54:46,233 - __main__ - INFO - anymal_b
2024-12-06 16:54:46,233 - __main__ - INFO - =================================
2024-12-06 16:54:46,233 - __main__ - INFO - body
2024-12-06 16:54:46,233 - __main__ - INFO - base
2024-12-06 16:54:46,233 - __main__ - INFO - anymal_b
2024-12-06 16:54:46,233 - __main__ - INFO - =================================
2024-12-06 16:54:46,233 - __main__ - INFO - body
2024-12-06 16:54:46,233 - __main__ - INFO - base
2024-12-06 16:54:46,233 - __main__ - INFO - anymal_b
2024-12-06 16:54:46,233 - __main__ - INFO - =================================
2024-12-06 16:54:46,233 - __main__ - INFO - body
2024-12-06 16:54:46,233 - __main__ - INFO - base
2024-12-06 16:54:46,233 - __main__ - INFO - anymal_b
2024-12-06 16:54:46,233 - __main__ - INFO - =================================
2024-12-06 16:54:46,233 - __main__ - INFO - body
2024-12-06 16:54:46,234 - __main__ - INFO - base
2024-12-06 16:54:46,234 - __main__ - INFO - anymal_b
2024-12-06 16:54:46,234 - __main__ - INFO - =================================
2024-12-06 16:54:46,234 - __main__ - INFO - body
2024-12-06 16:54:46,234 - __main__ - INFO - base
2024-12-06 16:54:46,234 - __main__ - INFO - anymal_b
2024-12-06 16:54:46,234 - __main__ - INFO - =================================
2024-12-06 16:54:46,234 - __main__ - INFO - body
2024-12-06 16:54:46,234 - __main__ - INFO - base
2024-12-06 16:54:46,234 - __main__ - INFO - anymal_b
2024-12-06 16:54:46,234 - __main__ - INFO - =================================
2024-12-06 16:54:46,234 - __main__ - INFO - body
2024-12-06 16:54:46,234 - __main__ - INFO - base
2024-12-06 16:54:46,234 - __main__ - INFO - anymal_b
2024-12-06 16:54:46,234 - __main__ - INFO - =================================
2024-12-06 16:54:46,234 - __main__ - INFO - body
2024-12-06 16:54:46,234 - __main__ - INFO - base
2024-12-06 16:54:46,234 - __main__ - INFO - anymal_b
2024-12-06 16:54:46,235 - __main__ - INFO - =================================
2024-12-06 16:54:46,235 - __main__ - INFO - body
2024-12-06 16:54:46,235 - __main__ - INFO - base
2024-12-06 16:54:46,235 - __main__ - INFO - iiwa
2024-12-06 16:54:46,235 - __main__ - INFO - =================================
2024-12-06 16:54:46,235 - __main__ - INFO - body
2024-12-06 16:54:46,235 - __main__ - INFO - base
2024-12-06 16:54:46,235 - __main__ - INFO - iiwa
2024-12-06 16:54:46,235 - __main__ - INFO - =================================
2024-12-06 16:54:46,235 - __main__ - INFO - body
2024-12-06 16:54:46,235 - __main__ - INFO - base
2024-12-06 16:54:46,236 - __main__ - INFO - iiwa
2024-12-06 16:54:46,236 - __main__ - INFO - =================================
2024-12-06 16:54:46,236 - __main__ - INFO - body
2024-12-06 16:54:46,236 - __main__ - INFO - base
2024-12-06 16:54:46,236 - __main__ - INFO - iiwa
2024-12-06 16:54:46,236 - __main__ - INFO - =================================
2024-12-06 16:54:46,236 - __main__ - INFO - body
2024-12-06 16:54:46,236 - __main__ - INFO - base
2024-12-06 16:54:46,236 - __main__ - INFO - iiwa
2024-12-06 16:54:46,236 - __main__ - INFO - =================================
2024-12-06 16:54:46,236 - __main__ - INFO - body
2024-12-06 16:54:46,236 - __main__ - INFO - base
2024-12-06 16:54:46,236 - __main__ - INFO - iiwa
2024-12-06 16:54:46,236 - __main__ - INFO - =================================
2024-12-06 16:54:46,236 - __main__ - INFO - body
2024-12-06 16:54:46,236 - __main__ - INFO - base
2024-12-06 16:54:46,237 - __main__ - INFO - iiwa
2024-12-06 16:54:46,237 - __main__ - INFO - =================================
2024-12-06 16:54:46,237 - __main__ - INFO - body
2024-12-06 16:54:46,237 - __main__ - INFO - base
2024-12-06 16:54:46,237 - __main__ - INFO - iiwa
2024-12-06 16:54:46,237 - __main__ - INFO - =================================
2024-12-06 16:54:46,237 - __main__ - INFO - body
2024-12-06 16:54:46,237 - __main__ - INFO - base
2024-12-06 16:54:46,237 - __main__ - INFO - iiwa
2024-12-06 16:54:46,237 - __main__ - INFO - =================================
2024-12-06 16:54:46,237 - __main__ - INFO - body
2024-12-06 16:54:46,237 - __main__ - INFO - base
2024-12-06 16:54:46,237 - __main__ - INFO - iiwa
2024-12-06 16:54:46,237 - __main__ - INFO - =================================
2024-12-06 16:54:46,238 - __main__ - INFO - body
2024-12-06 16:54:46,238 - __main__ - INFO - base
2024-12-06 16:54:46,238 - __main__ - INFO - iiwa
2024-12-06 16:54:46,238 - __main__ - INFO - =================================
2024-12-06 16:54:46,238 - __main__ - INFO - body
2024-12-06 16:54:46,238 - __main__ - INFO - base
2024-12-06 16:54:46,238 - __main__ - INFO - iiwa
2024-12-06 16:54:46,238 - __main__ - INFO - =================================
2024-12-06 16:54:46,238 - __main__ - INFO - body
2024-12-06 16:54:46,238 - __main__ - INFO - base
2024-12-06 16:54:46,238 - __main__ - INFO - iiwa
2024-12-06 16:54:46,238 - __main__ - INFO - =================================
2024-12-06 16:54:46,238 - __main__ - INFO - body
2024-12-06 16:54:46,238 - __main__ - INFO - base
2024-12-06 16:54:46,238 - __main__ - INFO - iiwa
2024-12-06 16:54:46,238 - __main__ - INFO - =================================
2024-12-06 16:54:46,239 - __main__ - INFO - body
2024-12-06 16:54:46,239 - __main__ - INFO - base
2024-12-06 16:54:46,239 - __main__ - INFO - fr3
2024-12-06 16:54:46,239 - __main__ - INFO - =================================
2024-12-06 16:56:43,547 - __main__ - INFO - Logging setup complete. Level: INFO, File: ./logs/simulation_logs.log
2024-12-06 16:56:43,548 - __main__ - INFO - body
2024-12-06 16:56:43,549 - __main__ - INFO - base
2024-12-06 16:56:43,549 - __main__ - INFO - anymal_b
2024-12-06 16:56:43,549 - __main__ - INFO - =================================
2024-12-06 16:56:43,549 - __main__ - INFO - body
2024-12-06 16:56:43,549 - __main__ - INFO - base
2024-12-06 16:56:43,549 - __main__ - INFO - anymal_b
2024-12-06 16:56:43,549 - __main__ - INFO - =================================
2024-12-06 16:56:43,549 - __main__ - INFO - body
2024-12-06 16:56:43,549 - __main__ - INFO - base
2024-12-06 16:56:43,549 - __main__ - INFO - anymal_b
2024-12-06 16:56:43,549 - __main__ - INFO - =================================
2024-12-06 16:56:43,549 - __main__ - INFO - body
2024-12-06 16:56:43,549 - __main__ - INFO - base
2024-12-06 16:56:43,549 - __main__ - INFO - anymal_b
2024-12-06 16:56:43,549 - __main__ - INFO - =================================
2024-12-06 16:56:43,550 - __main__ - INFO - body
2024-12-06 16:56:43,550 - __main__ - INFO - base
2024-12-06 16:56:43,550 - __main__ - INFO - anymal_b
2024-12-06 16:56:43,550 - __main__ - INFO - =================================
2024-12-06 16:56:43,550 - __main__ - INFO - body
2024-12-06 16:56:43,550 - __main__ - INFO - base
2024-12-06 16:56:43,550 - __main__ - INFO - anymal_b
2024-12-06 16:56:43,550 - __main__ - INFO - =================================
2024-12-06 16:56:43,550 - __main__ - INFO - body
2024-12-06 16:56:43,550 - __main__ - INFO - base
2024-12-06 16:56:43,550 - __main__ - INFO - anymal_b
2024-12-06 16:56:43,550 - __main__ - INFO - =================================
2024-12-06 16:56:43,550 - __main__ - INFO - body
2024-12-06 16:56:43,550 - __main__ - INFO - base
2024-12-06 16:56:43,550 - __main__ - INFO - anymal_b
2024-12-06 16:56:43,550 - __main__ - INFO - =================================
2024-12-06 16:56:43,550 - __main__ - INFO - body
2024-12-06 16:56:43,550 - __main__ - INFO - base
2024-12-06 16:56:43,550 - __main__ - INFO - anymal_b
2024-12-06 16:56:43,550 - __main__ - INFO - =================================
2024-12-06 16:56:43,550 - __main__ - INFO - body
2024-12-06 16:56:43,551 - __main__ - INFO - base
2024-12-06 16:56:43,551 - __main__ - INFO - anymal_b
2024-12-06 16:56:43,551 - __main__ - INFO - =================================
2024-12-06 16:56:43,551 - __main__ - INFO - body
2024-12-06 16:56:43,551 - __main__ - INFO - base
2024-12-06 16:56:43,551 - __main__ - INFO - anymal_b
2024-12-06 16:56:43,551 - __main__ - INFO - =================================
2024-12-06 16:56:43,551 - __main__ - INFO - body
2024-12-06 16:56:43,551 - __main__ - INFO - base
2024-12-06 16:56:43,551 - __main__ - INFO - anymal_b
2024-12-06 16:56:43,551 - __main__ - INFO - =================================
2024-12-06 16:56:43,551 - __main__ - INFO - body
2024-12-06 16:56:43,551 - __main__ - INFO - base
2024-12-06 16:56:43,551 - __main__ - INFO - anymal_b
2024-12-06 16:56:43,551 - __main__ - INFO - =================================
2024-12-06 16:56:43,551 - __main__ - INFO - body
2024-12-06 16:56:43,551 - __main__ - INFO - base
2024-12-06 16:56:43,551 - __main__ - INFO - anymal_b
2024-12-06 16:56:43,551 - __main__ - INFO - =================================
2024-12-06 16:56:43,551 - __main__ - INFO - body
2024-12-06 16:56:43,551 - __main__ - INFO - base
2024-12-06 16:56:43,551 - __main__ - INFO - anymal_b
2024-12-06 16:56:43,551 - __main__ - INFO - =================================
2024-12-06 16:56:43,551 - __main__ - INFO - body
2024-12-06 16:56:43,551 - __main__ - INFO - base
2024-12-06 16:56:43,552 - __main__ - INFO - anymal_b
2024-12-06 16:56:43,552 - __main__ - INFO - =================================
2024-12-06 16:56:43,552 - __main__ - INFO - body
2024-12-06 16:56:43,552 - __main__ - INFO - base
2024-12-06 16:56:43,552 - __main__ - INFO - anymal_b
2024-12-06 16:56:43,552 - __main__ - INFO - =================================
2024-12-06 16:56:43,552 - __main__ - INFO - body
2024-12-06 16:56:43,552 - __main__ - INFO - base
2024-12-06 16:56:43,552 - __main__ - INFO - anymal_b
2024-12-06 16:56:43,552 - __main__ - INFO - =================================
2024-12-06 16:56:43,552 - __main__ - INFO - name
2024-12-06 16:56:43,552 - __main__ - INFO - body
2024-12-06 16:56:43,552 - __main__ - INFO - base
2024-12-06 16:56:43,552 - __main__ - INFO - anymal_b
2024-12-06 16:56:43,552 - __main__ - INFO - =================================
2024-12-06 16:56:43,552 - __main__ - INFO - name
2024-12-06 16:56:43,552 - __main__ - INFO - name
2024-12-06 16:56:43,552 - __main__ - INFO - name
2024-12-06 16:56:43,553 - __main__ - INFO - body
2024-12-06 16:56:43,553 - __main__ - INFO - base
2024-12-06 16:56:43,553 - __main__ - INFO - anymal_b
2024-12-06 16:56:43,553 - __main__ - INFO - =================================
2024-12-06 16:56:43,553 - __main__ - INFO - name
2024-12-06 16:56:43,553 - __main__ - INFO - name
2024-12-06 16:56:43,553 - __main__ - INFO - name
2024-12-06 16:56:43,553 - __main__ - INFO - body
2024-12-06 16:56:43,553 - __main__ - INFO - base
2024-12-06 16:56:43,553 - __main__ - INFO - anymal_b
2024-12-06 16:56:43,553 - __main__ - INFO - =================================
2024-12-06 16:56:43,553 - __main__ - INFO - name
2024-12-06 16:56:43,553 - __main__ - INFO - name
2024-12-06 16:56:43,553 - __main__ - INFO - name
2024-12-06 16:56:43,553 - __main__ - INFO - body
2024-12-06 16:56:43,553 - __main__ - INFO - base
2024-12-06 16:56:43,553 - __main__ - INFO - anymal_b
2024-12-06 16:56:43,553 - __main__ - INFO - =================================
2024-12-06 16:56:43,553 - __main__ - INFO - name
2024-12-06 16:56:43,554 - __main__ - INFO - name
2024-12-06 16:56:45,304 - __main__ - INFO - Logging setup complete. Level: INFO, File: ./logs/simulation_logs.log
2024-12-06 16:56:45,305 - __main__ - INFO - body
2024-12-06 16:56:45,305 - __main__ - INFO - base
2024-12-06 16:56:45,305 - __main__ - INFO - anymal_b
2024-12-06 16:56:45,306 - __main__ - INFO - =================================
2024-12-06 16:56:45,306 - __main__ - INFO - body
2024-12-06 16:56:45,306 - __main__ - INFO - base
2024-12-06 16:56:45,306 - __main__ - INFO - anymal_b
2024-12-06 16:56:45,306 - __main__ - INFO - =================================
2024-12-06 16:56:45,306 - __main__ - INFO - body
2024-12-06 16:56:45,306 - __main__ - INFO - base
2024-12-06 16:56:45,306 - __main__ - INFO - anymal_b
2024-12-06 16:56:45,306 - __main__ - INFO - =================================
2024-12-06 16:56:45,306 - __main__ - INFO - body
2024-12-06 16:56:45,306 - __main__ - INFO - base
2024-12-06 16:56:45,306 - __main__ - INFO - anymal_b
2024-12-06 16:56:45,306 - __main__ - INFO - =================================
2024-12-06 16:56:45,306 - __main__ - INFO - body
2024-12-06 16:56:45,306 - __main__ - INFO - base
2024-12-06 16:56:45,306 - __main__ - INFO - anymal_b
2024-12-06 16:56:45,307 - __main__ - INFO - =================================
2024-12-06 16:56:45,307 - __main__ - INFO - body
2024-12-06 16:56:45,307 - __main__ - INFO - base
2024-12-06 16:56:45,307 - __main__ - INFO - anymal_b
2024-12-06 16:56:45,307 - __main__ - INFO - =================================
2024-12-06 16:56:45,307 - __main__ - INFO - body
2024-12-06 16:56:45,307 - __main__ - INFO - base
2024-12-06 16:56:45,307 - __main__ - INFO - anymal_b
2024-12-06 16:56:45,307 - __main__ - INFO - =================================
2024-12-06 16:56:45,307 - __main__ - INFO - body
2024-12-06 16:56:45,307 - __main__ - INFO - base
2024-12-06 16:56:45,307 - __main__ - INFO - anymal_b
2024-12-06 16:56:45,307 - __main__ - INFO - =================================
2024-12-06 16:56:45,307 - __main__ - INFO - body
2024-12-06 16:56:45,307 - __main__ - INFO - base
2024-12-06 16:56:45,307 - __main__ - INFO - anymal_b
2024-12-06 16:56:45,307 - __main__ - INFO - =================================
2024-12-06 16:56:45,307 - __main__ - INFO - body
2024-12-06 16:56:45,308 - __main__ - INFO - base
2024-12-06 16:56:45,308 - __main__ - INFO - anymal_b
2024-12-06 16:56:45,308 - __main__ - INFO - =================================
2024-12-06 16:56:45,308 - __main__ - INFO - body
2024-12-06 16:56:45,308 - __main__ - INFO - base
2024-12-06 16:56:45,308 - __main__ - INFO - anymal_b
2024-12-06 16:56:45,308 - __main__ - INFO - =================================
2024-12-06 16:56:45,308 - __main__ - INFO - body
2024-12-06 16:56:45,308 - __main__ - INFO - base
2024-12-06 16:56:45,308 - __main__ - INFO - anymal_b
2024-12-06 16:56:45,308 - __main__ - INFO - =================================
2024-12-06 16:56:45,308 - __main__ - INFO - body
2024-12-06 16:56:45,308 - __main__ - INFO - base
2024-12-06 16:56:45,308 - __main__ - INFO - anymal_b
2024-12-06 16:56:45,308 - __main__ - INFO - =================================
2024-12-06 16:56:45,308 - __main__ - INFO - body
2024-12-06 16:56:45,308 - __main__ - INFO - base
2024-12-06 16:56:45,308 - __main__ - INFO - anymal_b
2024-12-06 16:56:45,308 - __main__ - INFO - =================================
2024-12-06 16:56:45,308 - __main__ - INFO - body
2024-12-06 16:56:45,308 - __main__ - INFO - base
2024-12-06 16:56:45,308 - __main__ - INFO - anymal_b
2024-12-06 16:56:45,308 - __main__ - INFO - =================================
2024-12-06 16:56:45,309 - __main__ - INFO - body
2024-12-06 16:56:45,309 - __main__ - INFO - base
2024-12-06 16:56:45,309 - __main__ - INFO - anymal_b
2024-12-06 16:56:45,309 - __main__ - INFO - =================================
2024-12-06 16:56:45,309 - __main__ - INFO - body
2024-12-06 16:56:45,309 - __main__ - INFO - base
2024-12-06 16:56:45,309 - __main__ - INFO - anymal_b
2024-12-06 16:56:45,309 - __main__ - INFO - =================================
2024-12-06 16:56:45,309 - __main__ - INFO - body
2024-12-06 16:56:45,309 - __main__ - INFO - base
2024-12-06 16:56:45,309 - __main__ - INFO - anymal_b
2024-12-06 16:56:45,309 - __main__ - INFO - =================================
2024-12-06 16:56:45,309 - __main__ - INFO - name
2024-12-06 16:56:45,309 - __main__ - INFO - body
2024-12-06 16:56:45,309 - __main__ - INFO - base
2024-12-06 16:56:45,309 - __main__ - INFO - anymal_b
2024-12-06 16:56:45,309 - __main__ - INFO - =================================
2024-12-06 16:56:45,309 - __main__ - INFO - name
2024-12-06 16:56:45,309 - __main__ - INFO - name
2024-12-06 16:56:45,309 - __main__ - INFO - name
2024-12-06 16:56:45,309 - __main__ - INFO - body
2024-12-06 16:56:45,309 - __main__ - INFO - base
2024-12-06 16:56:45,309 - __main__ - INFO - anymal_b
2024-12-06 16:56:45,310 - __main__ - INFO - =================================
2024-12-06 16:56:45,310 - __main__ - INFO - name
2024-12-06 16:56:45,310 - __main__ - INFO - name
2024-12-06 16:56:45,310 - __main__ - INFO - name
2024-12-06 16:56:45,310 - __main__ - INFO - body
2024-12-06 16:56:45,310 - __main__ - INFO - base
2024-12-06 16:56:45,310 - __main__ - INFO - anymal_b
2024-12-06 16:56:45,310 - __main__ - INFO - =================================
2024-12-06 16:56:45,310 - __main__ - INFO - name
2024-12-06 16:56:45,310 - __main__ - INFO - name
2024-12-06 16:56:45,310 - __main__ - INFO - name
2024-12-06 16:56:45,310 - __main__ - INFO - body
2024-12-06 16:56:45,310 - __main__ - INFO - base
2024-12-06 16:56:45,310 - __main__ - INFO - anymal_b
2024-12-06 16:56:45,310 - __main__ - INFO - =================================
2024-12-06 16:56:45,310 - __main__ - INFO - name
2024-12-06 16:56:45,310 - __main__ - INFO - name
2024-12-06 16:57:28,719 - __main__ - INFO - Logging setup complete. Level: INFO, File: ./logs/simulation_logs.log
2024-12-06 16:57:28,720 - __main__ - INFO - body
2024-12-06 16:57:28,720 - __main__ - INFO - base
2024-12-06 16:57:28,720 - __main__ - INFO - anymal_b
2024-12-06 16:57:28,720 - __main__ - INFO - =================================
2024-12-06 16:57:28,720 - __main__ - INFO - body
2024-12-06 16:57:28,720 - __main__ - INFO - base
2024-12-06 16:57:28,720 - __main__ - INFO - anymal_b
2024-12-06 16:57:28,720 - __main__ - INFO - =================================
2024-12-06 16:57:28,721 - __main__ - INFO - body
2024-12-06 16:57:28,721 - __main__ - INFO - base
2024-12-06 16:57:28,721 - __main__ - INFO - anymal_b
2024-12-06 16:57:28,721 - __main__ - INFO - =================================
2024-12-06 16:57:28,721 - __main__ - INFO - body
2024-12-06 16:57:28,721 - __main__ - INFO - base
2024-12-06 16:57:28,721 - __main__ - INFO - anymal_b
2024-12-06 16:57:28,721 - __main__ - INFO - =================================
2024-12-06 16:57:28,721 - __main__ - INFO - body
2024-12-06 16:57:28,721 - __main__ - INFO - base
2024-12-06 16:57:28,721 - __main__ - INFO - anymal_b
2024-12-06 16:57:28,721 - __main__ - INFO - =================================
2024-12-06 16:57:28,721 - __main__ - INFO - body
2024-12-06 16:57:28,721 - __main__ - INFO - base
2024-12-06 16:57:28,721 - __main__ - INFO - anymal_b
2024-12-06 16:57:28,721 - __main__ - INFO - =================================
2024-12-06 16:57:28,721 - __main__ - INFO - body
2024-12-06 16:57:28,721 - __main__ - INFO - base
2024-12-06 16:57:28,721 - __main__ - INFO - anymal_b
2024-12-06 16:57:28,721 - __main__ - INFO - =================================
2024-12-06 16:57:28,721 - __main__ - INFO - body
2024-12-06 16:57:28,721 - __main__ - INFO - base
2024-12-06 16:57:28,722 - __main__ - INFO - anymal_b
2024-12-06 16:57:28,722 - __main__ - INFO - =================================
2024-12-06 16:57:28,722 - __main__ - INFO - body
2024-12-06 16:57:28,722 - __main__ - INFO - base
2024-12-06 16:57:28,722 - __main__ - INFO - anymal_b
2024-12-06 16:57:28,722 - __main__ - INFO - =================================
2024-12-06 16:57:28,722 - __main__ - INFO - body
2024-12-06 16:57:28,722 - __main__ - INFO - base
2024-12-06 16:57:28,722 - __main__ - INFO - anymal_b
2024-12-06 16:57:28,722 - __main__ - INFO - =================================
2024-12-06 16:57:28,722 - __main__ - INFO - body
2024-12-06 16:57:28,722 - __main__ - INFO - base
2024-12-06 16:57:28,722 - __main__ - INFO - anymal_b
2024-12-06 16:57:28,722 - __main__ - INFO - =================================
2024-12-06 16:57:28,722 - __main__ - INFO - body
2024-12-06 16:57:28,722 - __main__ - INFO - base
2024-12-06 16:57:28,722 - __main__ - INFO - anymal_b
2024-12-06 16:57:28,722 - __main__ - INFO - =================================
2024-12-06 16:57:28,722 - __main__ - INFO - body
2024-12-06 16:57:28,723 - __main__ - INFO - base
2024-12-06 16:57:28,723 - __main__ - INFO - anymal_b
2024-12-06 16:57:28,723 - __main__ - INFO - =================================
2024-12-06 16:57:28,723 - __main__ - INFO - body
2024-12-06 16:57:28,723 - __main__ - INFO - base
2024-12-06 16:57:28,723 - __main__ - INFO - anymal_b
2024-12-06 16:57:28,723 - __main__ - INFO - =================================
2024-12-06 16:57:28,723 - __main__ - INFO - body
2024-12-06 16:57:28,723 - __main__ - INFO - base
2024-12-06 16:57:28,723 - __main__ - INFO - anymal_b
2024-12-06 16:57:28,723 - __main__ - INFO - =================================
2024-12-06 16:57:28,723 - __main__ - INFO - body
2024-12-06 16:57:28,723 - __main__ - INFO - base
2024-12-06 16:57:28,723 - __main__ - INFO - anymal_b
2024-12-06 16:57:28,723 - __main__ - INFO - =================================
2024-12-06 16:57:28,723 - __main__ - INFO - body
2024-12-06 16:57:28,723 - __main__ - INFO - base
2024-12-06 16:57:28,723 - __main__ - INFO - anymal_b
2024-12-06 16:57:28,723 - __main__ - INFO - =================================
2024-12-06 16:57:28,723 - __main__ - INFO - body
2024-12-06 16:57:28,723 - __main__ - INFO - base
2024-12-06 16:57:28,724 - __main__ - INFO - anymal_b
2024-12-06 16:57:28,724 - __main__ - INFO - =================================
2024-12-06 16:57:28,724 - __main__ - INFO - name
2024-12-06 16:57:28,724 - __main__ - INFO - body
2024-12-06 16:57:28,724 - __main__ - INFO - base
2024-12-06 16:57:28,724 - __main__ - INFO - anymal_b
2024-12-06 16:57:28,724 - __main__ - INFO - =================================
2024-12-06 16:57:28,724 - __main__ - INFO - name
2024-12-06 16:57:28,724 - __main__ - INFO - name
2024-12-06 16:57:28,724 - __main__ - INFO - name
2024-12-06 16:57:28,724 - __main__ - INFO - body
2024-12-06 16:57:28,724 - __main__ - INFO - base
2024-12-06 16:57:28,724 - __main__ - INFO - anymal_b
2024-12-06 16:57:28,724 - __main__ - INFO - =================================
2024-12-06 16:57:28,724 - __main__ - INFO - name
2024-12-06 16:57:28,724 - __main__ - INFO - name
2024-12-06 16:57:28,724 - __main__ - INFO - name
2024-12-06 16:57:28,724 - __main__ - INFO - body
2024-12-06 16:57:28,725 - __main__ - INFO - base
2024-12-06 16:57:28,725 - __main__ - INFO - anymal_b
2024-12-06 16:57:28,725 - __main__ - INFO - =================================
2024-12-06 16:57:28,725 - __main__ - INFO - name
2024-12-06 16:57:28,725 - __main__ - INFO - name
2024-12-06 16:57:28,725 - __main__ - INFO - name
2024-12-06 16:57:28,725 - __main__ - INFO - body
2024-12-06 16:57:28,725 - __main__ - INFO - base
2024-12-06 16:57:28,725 - __main__ - INFO - anymal_b
2024-12-06 16:57:28,725 - __main__ - INFO - =================================
2024-12-06 16:57:28,725 - __main__ - INFO - name
2024-12-06 16:57:28,725 - __main__ - INFO - name
2024-12-06 16:59:14,630 - __main__ - INFO - Logging setup complete. Level: INFO, File: ./logs/simulation_logs.log
2024-12-06 16:59:14,631 - __main__ - INFO - body
2024-12-06 16:59:14,632 - __main__ - INFO - base
2024-12-06 16:59:14,632 - __main__ - INFO - anymal_b
2024-12-06 16:59:14,632 - __main__ - INFO - =================================
2024-12-06 16:59:14,632 - __main__ - INFO - body
2024-12-06 16:59:14,632 - __main__ - INFO - base
2024-12-06 16:59:14,632 - __main__ - INFO - anymal_b
2024-12-06 16:59:14,632 - __main__ - INFO - =================================
2024-12-06 16:59:14,632 - __main__ - INFO - body
2024-12-06 16:59:14,632 - __main__ - INFO - base
2024-12-06 16:59:14,632 - __main__ - INFO - anymal_b
2024-12-06 16:59:14,632 - __main__ - INFO - =================================
2024-12-06 16:59:14,632 - __main__ - INFO - body
2024-12-06 16:59:14,632 - __main__ - INFO - base
2024-12-06 16:59:14,632 - __main__ - INFO - anymal_b
2024-12-06 16:59:14,632 - __main__ - INFO - =================================
2024-12-06 16:59:14,632 - __main__ - INFO - body
2024-12-06 16:59:14,632 - __main__ - INFO - base
2024-12-06 16:59:14,632 - __main__ - INFO - anymal_b
2024-12-06 16:59:14,632 - __main__ - INFO - =================================
2024-12-06 16:59:14,632 - __main__ - INFO - body
2024-12-06 16:59:14,632 - __main__ - INFO - base
2024-12-06 16:59:14,632 - __main__ - INFO - anymal_b
2024-12-06 16:59:14,632 - __main__ - INFO - =================================
2024-12-06 16:59:14,633 - __main__ - INFO - body
2024-12-06 16:59:14,633 - __main__ - INFO - base
2024-12-06 16:59:14,633 - __main__ - INFO - anymal_b
2024-12-06 16:59:14,633 - __main__ - INFO - =================================
2024-12-06 16:59:14,633 - __main__ - INFO - body
2024-12-06 16:59:14,633 - __main__ - INFO - base
2024-12-06 16:59:14,633 - __main__ - INFO - anymal_b
2024-12-06 16:59:14,633 - __main__ - INFO - =================================
2024-12-06 16:59:14,633 - __main__ - INFO - body
2024-12-06 16:59:14,633 - __main__ - INFO - base
2024-12-06 16:59:14,633 - __main__ - INFO - anymal_b
2024-12-06 16:59:14,633 - __main__ - INFO - =================================
2024-12-06 16:59:14,633 - __main__ - INFO - body
2024-12-06 16:59:14,633 - __main__ - INFO - base
2024-12-06 16:59:14,633 - __main__ - INFO - anymal_b
2024-12-06 16:59:14,633 - __main__ - INFO - =================================
2024-12-06 16:59:14,633 - __main__ - INFO - body
2024-12-06 16:59:14,633 - __main__ - INFO - base
2024-12-06 16:59:14,633 - __main__ - INFO - anymal_b
2024-12-06 16:59:14,633 - __main__ - INFO - =================================
2024-12-06 16:59:14,633 - __main__ - INFO - body
2024-12-06 16:59:14,633 - __main__ - INFO - base
2024-12-06 16:59:14,634 - __main__ - INFO - anymal_b
2024-12-06 16:59:14,634 - __main__ - INFO - =================================
2024-12-06 16:59:14,634 - __main__ - INFO - body
2024-12-06 16:59:14,634 - __main__ - INFO - base
2024-12-06 16:59:14,634 - __main__ - INFO - anymal_b
2024-12-06 16:59:14,634 - __main__ - INFO - =================================
2024-12-06 16:59:14,634 - __main__ - INFO - body
2024-12-06 16:59:14,634 - __main__ - INFO - base
2024-12-06 16:59:14,634 - __main__ - INFO - anymal_b
2024-12-06 16:59:14,634 - __main__ - INFO - =================================
2024-12-06 16:59:14,634 - __main__ - INFO - body
2024-12-06 16:59:14,634 - __main__ - INFO - base
2024-12-06 16:59:14,634 - __main__ - INFO - anymal_b
2024-12-06 16:59:14,634 - __main__ - INFO - =================================
2024-12-06 16:59:14,634 - __main__ - INFO - body
2024-12-06 16:59:14,634 - __main__ - INFO - base
2024-12-06 16:59:14,634 - __main__ - INFO - anymal_b
2024-12-06 16:59:14,634 - __main__ - INFO - =================================
2024-12-06 16:59:14,634 - __main__ - INFO - body
2024-12-06 16:59:14,635 - __main__ - INFO - base
2024-12-06 16:59:14,635 - __main__ - INFO - anymal_b
2024-12-06 16:59:14,635 - __main__ - INFO - =================================
2024-12-06 16:59:14,635 - __main__ - INFO - body
2024-12-06 16:59:14,635 - __main__ - INFO - base
2024-12-06 16:59:14,635 - __main__ - INFO - anymal_b
2024-12-06 16:59:14,635 - __main__ - INFO - =================================
2024-12-06 16:59:14,635 - __main__ - INFO - name
2024-12-06 16:59:14,635 - __main__ - INFO - body
2024-12-06 16:59:14,635 - __main__ - INFO - base
2024-12-06 16:59:14,635 - __main__ - INFO - anymal_b
2024-12-06 16:59:14,635 - __main__ - INFO - =================================
2024-12-06 16:59:14,635 - __main__ - INFO - name
2024-12-06 16:59:14,635 - __main__ - INFO - name
2024-12-06 16:59:14,635 - __main__ - INFO - name
2024-12-06 16:59:14,635 - __main__ - INFO - body
2024-12-06 16:59:14,635 - __main__ - INFO - base
2024-12-06 16:59:14,635 - __main__ - INFO - anymal_b
2024-12-06 16:59:14,635 - __main__ - INFO - =================================
2024-12-06 16:59:14,635 - __main__ - INFO - name
2024-12-06 16:59:14,636 - __main__ - INFO - name
2024-12-06 16:59:14,636 - __main__ - INFO - name
2024-12-06 16:59:14,636 - __main__ - INFO - body
2024-12-06 16:59:14,636 - __main__ - INFO - base
2024-12-06 16:59:14,636 - __main__ - INFO - anymal_b
2024-12-06 16:59:14,636 - __main__ - INFO - =================================
2024-12-06 16:59:14,636 - __main__ - INFO - name
2024-12-06 16:59:14,636 - __main__ - INFO - name
2024-12-06 16:59:14,636 - __main__ - INFO - name
2024-12-06 16:59:14,636 - __main__ - INFO - body
2024-12-06 16:59:14,636 - __main__ - INFO - base
2024-12-06 16:59:14,636 - __main__ - INFO - anymal_b
2024-12-06 16:59:14,636 - __main__ - INFO - =================================
2024-12-06 16:59:14,636 - __main__ - INFO - name
2024-12-06 16:59:14,636 - __main__ - INFO - name
2024-12-06 17:02:18,898 - __main__ - INFO - Logging setup complete. Level: INFO, File: ./logs/simulation_logs.log
2024-12-06 17:02:18,899 - __main__ - INFO - lightspotlight
2024-12-06 17:02:18,899 - __main__ - INFO - bodybase
2024-12-06 17:02:26,464 - __main__ - INFO - Logging setup complete. Level: INFO, File: ./logs/simulation_logs.log
2024-12-06 17:02:26,465 - __main__ - INFO - light spotlight
2024-12-06 17:02:26,465 - __main__ - INFO - body base
2024-12-06 17:03:24,955 - __main__ - INFO - Logging setup complete. Level: INFO, File: ./logs/simulation_logs.log
2024-12-06 17:03:24,956 - __main__ - INFO - light spotlight
2024-12-06 17:03:24,956 - __main__ - INFO - body base
2024-12-06 17:04:10,634 - __main__ - INFO - Logging setup complete. Level: INFO, File: ./logs/simulation_logs.log
2024-12-06 17:04:10,635 - __main__ - INFO - light spotlight
2024-12-06 17:04:10,635 - __main__ - INFO - body base
2024-12-06 17:05:27,622 - __main__ - INFO - Logging setup complete. Level: INFO, File: ./logs/simulation_logs.log
2024-12-06 17:05:27,623 - __main__ - INFO - light spotlight
2024-12-06 17:05:27,623 - __main__ - ERROR - An error occurred in /sim_ws/src/multi-model_simulation.py at line 81
2024-12-06 17:05:27,623 - __main__ - ERROR - Error Type: AttributeError
2024-12-06 17:05:27,623 - __main__ - ERROR - Error Message: 'xml.etree.ElementTree.Element' object has no attribute 'et'
2024-12-06 17:05:27,623 - __main__ - ERROR - Traceback:
2024-12-06 17:05:27,624 - __main__ - ERROR - Traceback (most recent call last):
  File "/sim_ws/src/multi-model_simulation.py", line 81, in __init__
    self.create_new_scene()
    ~~~~~~~~~~~~~~~~~~~~~^^
  File "/sim_ws/src/multi-model_simulation.py", line 223, in create_new_scene
    self.parse_section(worldbody_section, tag, robot_name, upper_level=True, pos=robot["position"])
    ~~~~~~~~~~~~~~~~~~^^^^^^^^^^^^^^^^^^^^^^^^^^^^^^^^^^^^^^^^^^^^^^^^^^^^^^^^^^^^^^^^^^^^^^^^^^^^^
  File "/sim_ws/src/multi-model_simulation.py", line 301, in parse_section
    base_pos = element.et('pos').split(" ")
               ^^^^^^^^^^
AttributeError: 'xml.etree.ElementTree.Element' object has no attribute 'et'. Did you mean: 'get'?

2024-12-06 17:05:44,130 - __main__ - INFO - Logging setup complete. Level: INFO, File: ./logs/simulation_logs.log
2024-12-06 17:05:44,131 - __main__ - INFO - light spotlight
2024-12-06 17:05:44,131 - __main__ - INFO - body base
2024-12-06 17:05:44,131 - __main__ - INFO - body LF_HIP
2024-12-06 17:05:44,131 - __main__ - INFO - body RF_HIP
2024-12-06 17:05:44,131 - __main__ - INFO - body LH_HIP
2024-12-06 17:05:44,131 - __main__ - INFO - body RH_HIP
2024-12-06 17:05:44,131 - __main__ - INFO - joint LF_HAA
2024-12-06 17:05:44,131 - __main__ - INFO - body LF_THIGH
2024-12-06 17:05:44,132 - __main__ - INFO - joint LF_HFE
2024-12-06 17:05:44,132 - __main__ - INFO - body LF_SHANK
2024-12-06 17:05:44,132 - __main__ - INFO - joint LF_KFE
2024-12-06 17:05:44,132 - __main__ - INFO - joint RF_HAA
2024-12-06 17:05:44,132 - __main__ - INFO - body RF_THIGH
2024-12-06 17:05:44,132 - __main__ - INFO - joint RF_HFE
2024-12-06 17:05:44,132 - __main__ - INFO - body RF_SHANK
2024-12-06 17:05:44,132 - __main__ - INFO - joint RF_KFE
2024-12-06 17:05:44,132 - __main__ - INFO - joint LH_HAA
2024-12-06 17:05:44,132 - __main__ - INFO - body LH_THIGH
2024-12-06 17:05:44,132 - __main__ - INFO - joint LH_HFE
2024-12-06 17:05:44,132 - __main__ - INFO - body LH_SHANK
2024-12-06 17:05:44,133 - __main__ - INFO - joint LH_KFE
2024-12-06 17:05:44,133 - __main__ - INFO - joint RH_HAA
2024-12-06 17:05:44,133 - __main__ - INFO - body RH_THIGH
2024-12-06 17:05:44,133 - __main__ - INFO - joint RH_HFE
2024-12-06 17:05:44,133 - __main__ - INFO - body RH_SHANK
2024-12-06 17:05:44,133 - __main__ - INFO - joint RH_KFE
2024-12-06 17:06:45,799 - __main__ - INFO - Logging setup complete. Level: INFO, File: ./logs/simulation_logs.log
2024-12-06 17:06:45,800 - __main__ - INFO - light spotlight
2024-12-06 17:06:45,800 - __main__ - INFO - body base
2024-12-06 17:06:45,800 - __main__ - INFO - body LF_HIP
2024-12-06 17:06:45,801 - __main__ - INFO - body RF_HIP
2024-12-06 17:06:45,801 - __main__ - INFO - body LH_HIP
2024-12-06 17:06:45,801 - __main__ - INFO - body RH_HIP
2024-12-06 17:06:45,801 - __main__ - INFO - joint LF_HAA
2024-12-06 17:06:45,801 - __main__ - INFO - body LF_THIGH
2024-12-06 17:06:45,801 - __main__ - INFO - joint LF_HFE
2024-12-06 17:06:45,801 - __main__ - INFO - body LF_SHANK
2024-12-06 17:06:45,801 - __main__ - INFO - joint LF_KFE
2024-12-06 17:06:45,802 - __main__ - INFO - joint RF_HAA
2024-12-06 17:06:45,802 - __main__ - INFO - body RF_THIGH
2024-12-06 17:06:45,802 - __main__ - INFO - joint RF_HFE
2024-12-06 17:06:45,802 - __main__ - INFO - body RF_SHANK
2024-12-06 17:06:45,802 - __main__ - INFO - joint RF_KFE
2024-12-06 17:06:45,802 - __main__ - INFO - joint LH_HAA
2024-12-06 17:06:45,802 - __main__ - INFO - body LH_THIGH
2024-12-06 17:06:45,802 - __main__ - INFO - joint LH_HFE
2024-12-06 17:06:45,802 - __main__ - INFO - body LH_SHANK
2024-12-06 17:06:45,802 - __main__ - INFO - joint LH_KFE
2024-12-06 17:06:45,802 - __main__ - INFO - joint RH_HAA
2024-12-06 17:06:45,802 - __main__ - INFO - body RH_THIGH
2024-12-06 17:06:45,802 - __main__ - INFO - joint RH_HFE
2024-12-06 17:06:45,802 - __main__ - INFO - body RH_SHANK
2024-12-06 17:06:45,802 - __main__ - INFO - joint RH_KFE
2024-12-06 17:06:45,803 - __main__ - INFO - light spotlight
2024-12-06 17:06:45,803 - __main__ - INFO - body base
2024-12-06 17:06:45,803 - __main__ - INFO - body LF_HIP
2024-12-06 17:06:45,803 - __main__ - INFO - body RF_HIP
2024-12-06 17:06:45,803 - __main__ - INFO - body LH_HIP
2024-12-06 17:06:45,803 - __main__ - INFO - body RH_HIP
2024-12-06 17:06:45,803 - __main__ - INFO - joint LF_HAA
2024-12-06 17:06:45,803 - __main__ - INFO - body LF_THIGH
2024-12-06 17:06:45,803 - __main__ - INFO - joint LF_HFE
2024-12-06 17:06:45,803 - __main__ - INFO - body LF_SHANK
2024-12-06 17:06:45,803 - __main__ - INFO - joint LF_KFE
2024-12-06 17:06:45,803 - __main__ - INFO - joint RF_HAA
2024-12-06 17:06:45,803 - __main__ - INFO - body RF_THIGH
2024-12-06 17:06:45,804 - __main__ - INFO - joint RF_HFE
2024-12-06 17:06:45,804 - __main__ - INFO - body RF_SHANK
2024-12-06 17:06:45,804 - __main__ - INFO - joint RF_KFE
2024-12-06 17:06:45,804 - __main__ - INFO - joint LH_HAA
2024-12-06 17:06:45,804 - __main__ - INFO - body LH_THIGH
2024-12-06 17:06:45,804 - __main__ - INFO - joint LH_HFE
2024-12-06 17:06:45,804 - __main__ - INFO - body LH_SHANK
2024-12-06 17:06:45,804 - __main__ - INFO - joint LH_KFE
2024-12-06 17:06:45,804 - __main__ - INFO - joint RH_HAA
2024-12-06 17:06:45,804 - __main__ - INFO - body RH_THIGH
2024-12-06 17:06:45,804 - __main__ - INFO - joint RH_HFE
2024-12-06 17:06:45,804 - __main__ - INFO - body RH_SHANK
2024-12-06 17:06:45,804 - __main__ - INFO - joint RH_KFE
2024-12-06 17:06:45,804 - __main__ - INFO - light top
2024-12-06 17:06:45,804 - __main__ - INFO - body base
2024-12-06 17:06:45,804 - __main__ - INFO - body link1
2024-12-06 17:06:45,805 - __main__ - INFO - joint joint1
2024-12-06 17:06:45,805 - __main__ - INFO - body link2
2024-12-06 17:06:45,805 - __main__ - INFO - joint joint2
2024-12-06 17:06:45,805 - __main__ - INFO - body link3
2024-12-06 17:06:45,805 - __main__ - INFO - joint joint3
2024-12-06 17:06:45,805 - __main__ - INFO - body link4
2024-12-06 17:06:45,805 - __main__ - INFO - joint joint4
2024-12-06 17:06:45,805 - __main__ - INFO - body link5
2024-12-06 17:06:45,805 - __main__ - INFO - joint joint5
2024-12-06 17:06:45,805 - __main__ - INFO - body link6
2024-12-06 17:06:45,805 - __main__ - INFO - joint joint6
2024-12-06 17:06:45,805 - __main__ - INFO - body link7
2024-12-06 17:06:45,805 - __main__ - INFO - joint joint7
2024-12-06 17:06:45,805 - __main__ - INFO - site attachment_site
2024-12-06 17:06:45,805 - __main__ - INFO - light top
2024-12-06 17:06:45,805 - __main__ - INFO - body base
2024-12-06 17:06:45,806 - __main__ - INFO - body link1
2024-12-06 17:06:45,806 - __main__ - INFO - joint joint1
2024-12-06 17:06:45,806 - __main__ - INFO - body link2
2024-12-06 17:06:45,806 - __main__ - INFO - joint joint2
2024-12-06 17:06:45,806 - __main__ - INFO - body link3
2024-12-06 17:06:45,806 - __main__ - INFO - joint joint3
2024-12-06 17:06:45,806 - __main__ - INFO - body link4
2024-12-06 17:06:45,806 - __main__ - INFO - joint joint4
2024-12-06 17:06:45,806 - __main__ - INFO - body link5
2024-12-06 17:06:45,806 - __main__ - INFO - joint joint5
2024-12-06 17:06:45,806 - __main__ - INFO - body link6
2024-12-06 17:06:45,806 - __main__ - INFO - joint joint6
2024-12-06 17:06:45,806 - __main__ - INFO - body link7
2024-12-06 17:06:45,806 - __main__ - INFO - joint joint7
2024-12-06 17:06:45,806 - __main__ - INFO - site attachment_site
2024-12-06 17:06:45,806 - __main__ - INFO - body base
2024-12-06 17:06:45,807 - __main__ - INFO - site attachment_site
2024-12-06 17:11:47,335 - __main__ - INFO - Logging setup complete. Level: INFO, File: ./logs/simulation_logs.log
2024-12-06 17:16:26,820 - __main__ - INFO - Logging setup complete. Level: INFO, File: ./logs/simulation_logs.log
2024-12-06 17:17:39,780 - __main__ - INFO - Logging setup complete. Level: INFO, File: ./logs/simulation_logs.log
2024-12-06 17:18:21,934 - __main__ - INFO - Logging setup complete. Level: INFO, File: ./logs/simulation_logs.log
2024-12-06 17:24:15,740 - __main__ - INFO - Logging setup complete. Level: INFO, File: ./logs/simulation_logs.log
2024-12-06 17:24:15,741 - __main__ - ERROR - An error occurred in /sim_ws/src/multi-model_simulation.py at line 81
2024-12-06 17:24:15,741 - __main__ - ERROR - Error Type: AttributeError
2024-12-06 17:24:15,741 - __main__ - ERROR - Error Message: 'NoneType' object has no attribute 'get'
2024-12-06 17:24:15,741 - __main__ - ERROR - Traceback:
2024-12-06 17:24:15,742 - __main__ - ERROR - Traceback (most recent call last):
  File "/sim_ws/src/multi-model_simulation.py", line 81, in __init__
    self.create_new_scene()
    ~~~~~~~~~~~~~~~~~~~~~^^
  File "/sim_ws/src/multi-model_simulation.py", line 270, in create_new_scene
    qpos = keyframe_section.get('qpos')
           ^^^^^^^^^^^^^^^^^^^^
AttributeError: 'NoneType' object has no attribute 'get'

2024-12-06 17:25:24,253 - __main__ - INFO - Logging setup complete. Level: INFO, File: ./logs/simulation_logs.log
2024-12-06 17:25:49,485 - __main__ - INFO - Logging setup complete. Level: INFO, File: ./logs/simulation_logs.log
2024-12-06 17:26:10,127 - __main__ - INFO - Logging setup complete. Level: INFO, File: ./logs/simulation_logs.log
2024-12-06 17:27:14,736 - __main__ - INFO - Logging setup complete. Level: INFO, File: ./logs/simulation_logs.log
2024-12-06 17:28:44,965 - __main__ - INFO - Logging setup complete. Level: INFO, File: ./logs/simulation_logs.log
2024-12-06 17:28:44,971 - __main__ - INFO - Loading model from: ./scene/scene.xml
2024-12-06 17:30:35,593 - __main__ - INFO - Logging setup complete. Level: INFO, File: ./logs/simulation_logs.log
2024-12-06 17:30:35,599 - __main__ - INFO - Loading model from: ./scene/scene.xml
2024-12-06 17:34:00,062 - __main__ - INFO - Logging setup complete. Level: INFO, File: ./logs/simulation_logs.log
2024-12-06 17:34:00,068 - __main__ - INFO - Loading model from: ./scene/scene.xml
